../Core/Src/main.c:70:5:main	8	static
../Core/Src/main.c:117:6:StartInputTask	16	static
../Core/Src/main.c:128:6:StartProcessTask	16	static
../Core/Src/main.c:134:6:StartOutputTask	16	static
../Core/Src/main.c:143:6:getNewDataCallback	16	static
../Core/Src/main.c:147:6:i2cTimerCallback	16	static
../Core/Src/main.c:155:6:fiftyMsTimerCallback	16	static
../Core/Src/main.c:159:6:HAL_GPIO_EXTI_Callback	24	static
../Core/Src/main.c:177:6:HAL_TIM_PeriodElapsedCallback	16	static
../Core/Src/main.c:186:6:Error_Handler	4	static,ignoring_inline_asm
../Core/Src/main.c:194:6:SystemClock_Config	96	static
../Core/Src/main.c:235:13:MX_I2C1_Init	8	static
../Core/Src/main.c:257:13:MX_USART2_UART_Init	8	static
../Core/Src/main.c:273:13:MX_GPIO_Init	40	static
