../Core/Src/main.c:109:5:main	8	static
../Core/Src/main.c:195:6:SystemClock_Config	96	static
../Core/Src/main.c:256:13:MX_I2C1_Init	8	static
../Core/Src/main.c:304:13:MX_TIM2_Init	40	static
../Core/Src/main.c:349:13:MX_TIM15_Init	40	static
../Core/Src/main.c:395:13:MX_USART2_UART_Init	8	static
../Core/Src/main.c:430:13:MX_GPIO_Init	40	static
../Core/Src/main.c:476:6:HAL_GPIO_EXTI_Callback	24	static
../Core/Src/main.c:509:6:StartInputTask	56	static
../Core/Src/main.c:541:6:StartProcessTask	16	static
../Core/Src/main.c:558:6:StartOutputTask	16	static
../Core/Src/main.c:578:6:HAL_TIM_PeriodElapsedCallback	16	static
../Core/Src/main.c:610:6:Error_Handler	4	static,ignoring_inline_asm
