../Core/Src/main.c:193:5:main	8	static
../Core/Src/main.c:284:6:SystemClock_Config	96	static
../Core/Src/main.c:345:13:MX_TIM1_Init	112	static
../Core/Src/main.c:425:13:MX_USART1_UART_Init	8	static
../Core/Src/main.c:460:13:MX_USART2_UART_Init	8	static
../Core/Src/main.c:493:13:MX_DMA_Init	16	static
../Core/Src/main.c:511:13:MX_GPIO_Init	40	static
../Core/Src/main.c:533:6:f4_set_TIM_Register	16	static
../Core/Src/main.c:549:6:f4_send_UART	8	static
../Core/Src/main.c:562:6:START_Buzzer	16	static
../Core/Src/main.c:606:6:START_Listener	24	static
../Core/Src/main.c:631:6:START_Wifi_Listener	16	static
../Core/Src/main.c:673:6:START_Wifi_Starter	16	static
../Core/Src/main.c:689:6:HAL_TIM_PeriodElapsedCallback	16	static
../Core/Src/main.c:706:6:Error_Handler	4	static,ignoring_inline_asm
