Archive member included to satisfy reference by file (symbol)

c:/st/stm32cubeide_1.10.1/stm32cubeide/plugins/com.st.stm32cube.ide.mcu.externaltools.gnu-tools-for-stm32.10.3-2021.10.win32_1.0.0.202111181127/tools/bin/../lib/gcc/arm-none-eabi/10.3.1/../../../../arm-none-eabi/lib/thumb/v7e-m+fp/hard\libc_nano.a(lib_a-errno.o)
                              ./Core/Src/retarget.o (__errno)
c:/st/stm32cubeide_1.10.1/stm32cubeide/plugins/com.st.stm32cube.ide.mcu.externaltools.gnu-tools-for-stm32.10.3-2021.10.win32_1.0.0.202111181127/tools/bin/../lib/gcc/arm-none-eabi/10.3.1/../../../../arm-none-eabi/lib/thumb/v7e-m+fp/hard\libc_nano.a(lib_a-exit.o)
                              c:/st/stm32cubeide_1.10.1/stm32cubeide/plugins/com.st.stm32cube.ide.mcu.externaltools.gnu-tools-for-stm32.10.3-2021.10.win32_1.0.0.202111181127/tools/bin/../lib/gcc/arm-none-eabi/10.3.1/../../../../arm-none-eabi/lib/thumb/v7e-m+fp/hard/crt0.o (exit)
c:/st/stm32cubeide_1.10.1/stm32cubeide/plugins/com.st.stm32cube.ide.mcu.externaltools.gnu-tools-for-stm32.10.3-2021.10.win32_1.0.0.202111181127/tools/bin/../lib/gcc/arm-none-eabi/10.3.1/../../../../arm-none-eabi/lib/thumb/v7e-m+fp/hard\libc_nano.a(lib_a-findfp.o)
                              ./Middlewares/Third_Party/FreeRTOS/Source/tasks.o (__sf_fake_stderr)
c:/st/stm32cubeide_1.10.1/stm32cubeide/plugins/com.st.stm32cube.ide.mcu.externaltools.gnu-tools-for-stm32.10.3-2021.10.win32_1.0.0.202111181127/tools/bin/../lib/gcc/arm-none-eabi/10.3.1/../../../../arm-none-eabi/lib/thumb/v7e-m+fp/hard\libc_nano.a(lib_a-fwalk.o)
                              c:/st/stm32cubeide_1.10.1/stm32cubeide/plugins/com.st.stm32cube.ide.mcu.externaltools.gnu-tools-for-stm32.10.3-2021.10.win32_1.0.0.202111181127/tools/bin/../lib/gcc/arm-none-eabi/10.3.1/../../../../arm-none-eabi/lib/thumb/v7e-m+fp/hard\libc_nano.a(lib_a-findfp.o) (_fwalk)
c:/st/stm32cubeide_1.10.1/stm32cubeide/plugins/com.st.stm32cube.ide.mcu.externaltools.gnu-tools-for-stm32.10.3-2021.10.win32_1.0.0.202111181127/tools/bin/../lib/gcc/arm-none-eabi/10.3.1/../../../../arm-none-eabi/lib/thumb/v7e-m+fp/hard\libc_nano.a(lib_a-impure.o)
                              c:/st/stm32cubeide_1.10.1/stm32cubeide/plugins/com.st.stm32cube.ide.mcu.externaltools.gnu-tools-for-stm32.10.3-2021.10.win32_1.0.0.202111181127/tools/bin/../lib/gcc/arm-none-eabi/10.3.1/../../../../arm-none-eabi/lib/thumb/v7e-m+fp/hard\libc_nano.a(lib_a-exit.o) (_global_impure_ptr)
c:/st/stm32cubeide_1.10.1/stm32cubeide/plugins/com.st.stm32cube.ide.mcu.externaltools.gnu-tools-for-stm32.10.3-2021.10.win32_1.0.0.202111181127/tools/bin/../lib/gcc/arm-none-eabi/10.3.1/../../../../arm-none-eabi/lib/thumb/v7e-m+fp/hard\libc_nano.a(lib_a-init.o)
                              c:/st/stm32cubeide_1.10.1/stm32cubeide/plugins/com.st.stm32cube.ide.mcu.externaltools.gnu-tools-for-stm32.10.3-2021.10.win32_1.0.0.202111181127/tools/bin/../lib/gcc/arm-none-eabi/10.3.1/../../../../arm-none-eabi/lib/thumb/v7e-m+fp/hard/crt0.o (__libc_init_array)
c:/st/stm32cubeide_1.10.1/stm32cubeide/plugins/com.st.stm32cube.ide.mcu.externaltools.gnu-tools-for-stm32.10.3-2021.10.win32_1.0.0.202111181127/tools/bin/../lib/gcc/arm-none-eabi/10.3.1/../../../../arm-none-eabi/lib/thumb/v7e-m+fp/hard\libc_nano.a(lib_a-lock.o)
                              c:/st/stm32cubeide_1.10.1/stm32cubeide/plugins/com.st.stm32cube.ide.mcu.externaltools.gnu-tools-for-stm32.10.3-2021.10.win32_1.0.0.202111181127/tools/bin/../lib/gcc/arm-none-eabi/10.3.1/../../../../arm-none-eabi/lib/thumb/v7e-m+fp/hard\libc_nano.a(lib_a-findfp.o) (__retarget_lock_init_recursive)
c:/st/stm32cubeide_1.10.1/stm32cubeide/plugins/com.st.stm32cube.ide.mcu.externaltools.gnu-tools-for-stm32.10.3-2021.10.win32_1.0.0.202111181127/tools/bin/../lib/gcc/arm-none-eabi/10.3.1/../../../../arm-none-eabi/lib/thumb/v7e-m+fp/hard\libc_nano.a(lib_a-memcpy-stub.o)
                              ./Core/Src/mpu9dof.o (memcpy)
c:/st/stm32cubeide_1.10.1/stm32cubeide/plugins/com.st.stm32cube.ide.mcu.externaltools.gnu-tools-for-stm32.10.3-2021.10.win32_1.0.0.202111181127/tools/bin/../lib/gcc/arm-none-eabi/10.3.1/../../../../arm-none-eabi/lib/thumb/v7e-m+fp/hard\libc_nano.a(lib_a-memset.o)
                              c:/st/stm32cubeide_1.10.1/stm32cubeide/plugins/com.st.stm32cube.ide.mcu.externaltools.gnu-tools-for-stm32.10.3-2021.10.win32_1.0.0.202111181127/tools/bin/../lib/gcc/arm-none-eabi/10.3.1/../../../../arm-none-eabi/lib/thumb/v7e-m+fp/hard/crt0.o (memset)
c:/st/stm32cubeide_1.10.1/stm32cubeide/plugins/com.st.stm32cube.ide.mcu.externaltools.gnu-tools-for-stm32.10.3-2021.10.win32_1.0.0.202111181127/tools/bin/../lib/gcc/arm-none-eabi/10.3.1/../../../../arm-none-eabi/lib/thumb/v7e-m+fp/hard\libc_nano.a(lib_a-nano-mallocr.o)
[...]
Memory Configuration

Name             Origin             Length             Attributes
RAM              0x0000000020000000 0x0000000000010000 xrw
RAM2             0x0000000010000000 0x0000000000004000 xrw
FLASH            0x0000000008000000 0x0000000000040000 xr
*default*        0x0000000000000000 0xffffffffffffffff

Linker script and memory map

LOAD c:/st/stm32cubeide_1.10.1/stm32cubeide/plugins/com.st.stm32cube.ide.mcu.externaltools.gnu-tools-for-stm32.10.3-2021.10.win32_1.0.0.202111181127/tools/bin/../lib/gcc/arm-none-eabi/10.3.1/thumb/v7e-m+fp/hard/crti.o
LOAD c:/st/stm32cubeide_1.10.1/stm32cubeide/plugins/com.st.stm32cube.ide.mcu.externaltools.gnu-tools-for-stm32.10.3-2021.10.win32_1.0.0.202111181127/tools/bin/../lib/gcc/arm-none-eabi/10.3.1/thumb/v7e-m+fp/hard/crtbegin.o
LOAD c:/st/stm32cubeide_1.10.1/stm32cubeide/plugins/com.st.stm32cube.ide.mcu.externaltools.gnu-tools-for-stm32.10.3-2021.10.win32_1.0.0.202111181127/tools/bin/../lib/gcc/arm-none-eabi/10.3.1/../../../../arm-none-eabi/lib/thumb/v7e-m+fp/hard/crt0.o
LOAD ./Core/Src/ATcommands.o
LOAD ./Core/Src/dma.o
LOAD ./Core/Src/freertos.o
LOAD ./Core/Src/gpio.o
LOAD ./Core/Src/i2c.o
LOAD ./Core/Src/main.o
LOAD ./Core/Src/mpu9dof.o
LOAD ./Core/Src/printf.o
LOAD ./Core/Src/report_data.o
LOAD ./Core/Src/retarget.o
LOAD ./Core/Src/stm32l4xx_hal_msp.o
LOAD ./Core/Src/stm32l4xx_hal_timebase_tim.o
LOAD ./Core/Src/stm32l4xx_it.o
LOAD ./Core/Src/sysmem.o
LOAD ./Core/Src/system_stm32l4xx.o
LOAD ./Core/Src/usart.o
LOAD ./Core/Src/wifiClick.o
LOAD ./Core/Startup/startup_stm32l432kcux.o
LOAD ./Drivers/STM32L4xx_HAL_Driver/Src/stm32l4xx_hal.o
LOAD ./Drivers/STM32L4xx_HAL_Driver/Src/stm32l4xx_hal_cortex.o
LOAD ./Drivers/STM32L4xx_HAL_Driver/Src/stm32l4xx_hal_dma.o
LOAD ./Drivers/STM32L4xx_HAL_Driver/Src/stm32l4xx_hal_dma_ex.o
LOAD ./Drivers/STM32L4xx_HAL_Driver/Src/stm32l4xx_hal_exti.o
LOAD ./Drivers/STM32L4xx_HAL_Driver/Src/stm32l4xx_hal_flash.o
LOAD ./Drivers/STM32L4xx_HAL_Driver/Src/stm32l4xx_hal_flash_ex.o
LOAD ./Drivers/STM32L4xx_HAL_Driver/Src/stm32l4xx_hal_flash_ramfunc.o
LOAD ./Drivers/STM32L4xx_HAL_Driver/Src/stm32l4xx_hal_gpio.o
LOAD ./Drivers/STM32L4xx_HAL_Driver/Src/stm32l4xx_hal_i2c.o
LOAD ./Drivers/STM32L4xx_HAL_Driver/Src/stm32l4xx_hal_i2c_ex.o
LOAD ./Drivers/STM32L4xx_HAL_Driver/Src/stm32l4xx_hal_pwr.o
LOAD ./Drivers/STM32L4xx_HAL_Driver/Src/stm32l4xx_hal_pwr_ex.o
LOAD ./Drivers/STM32L4xx_HAL_Driver/Src/stm32l4xx_hal_rcc.o
LOAD ./Drivers/STM32L4xx_HAL_Driver/Src/stm32l4xx_hal_rcc_ex.o
LOAD ./Drivers/STM32L4xx_HAL_Driver/Src/stm32l4xx_hal_tim.o
LOAD ./Drivers/STM32L4xx_HAL_Driver/Src/stm32l4xx_hal_tim_ex.o
LOAD ./Drivers/STM32L4xx_HAL_Driver/Src/stm32l4xx_hal_uart.o
LOAD ./Drivers/STM32L4xx_HAL_Driver/Src/stm32l4xx_hal_uart_ex.o
LOAD ./Middlewares/Third_Party/FreeRTOS/Source/CMSIS_RTOS_V2/cmsis_os2.o
LOAD ./Middlewares/Third_Party/FreeRTOS/Source/croutine.o
LOAD ./Middlewares/Third_Party/FreeRTOS/Source/event_groups.o
LOAD ./Middlewares/Third_Party/FreeRTOS/Source/list.o
LOAD ./Middlewares/Third_Party/FreeRTOS/Source/queue.o
LOAD ./Middlewares/Third_Party/FreeRTOS/Source/stream_buffer.o
LOAD ./Middlewares/Third_Party/FreeRTOS/Source/tasks.o
LOAD ./Middlewares/Third_Party/FreeRTOS/Source/timers.o
LOAD ./Middlewares/Third_Party/FreeRTOS/Source/portable/GCC/ARM_CM4F/port.o
LOAD ./Middlewares/Third_Party/FreeRTOS/Source/portable/MemMang/heap_4.o
START GROUP
LOAD c:/st/stm32cubeide_1.10.1/stm32cubeide/plugins/com.st.stm32cube.ide.mcu.externaltools.gnu-tools-for-stm32.10.3-2021.10.win32_1.0.0.202111181127/tools/bin/../lib/gcc/arm-none-eabi/10.3.1/../../../../arm-none-eabi/lib/thumb/v7e-m+fp/hard\libc_nano.a
LOAD c:/st/stm32cubeide_1.10.1/stm32cubeide/plugins/com.st.stm32cube.ide.mcu.externaltools.gnu-tools-for-stm32.10.3-2021.10.win32_1.0.0.202111181127/tools/bin/../lib/gcc/arm-none-eabi/10.3.1/../../../../arm-none-eabi/lib/thumb/v7e-m+fp/hard\libm.a
END GROUP
START GROUP
LOAD c:/st/stm32cubeide_1.10.1/stm32cubeide/plugins/com.st.stm32cube.ide.mcu.externaltools.gnu-tools-for-stm32.10.3-2021.10.win32_1.0.0.202111181127/tools/bin/../lib/gcc/arm-none-eabi/10.3.1/thumb/v7e-m+fp/hard\libgcc.a
LOAD c:/st/stm32cubeide_1.10.1/stm32cubeide/plugins/com.st.stm32cube.ide.mcu.externaltools.gnu-tools-for-stm32.10.3-2021.10.win32_1.0.0.202111181127/tools/bin/../lib/gcc/arm-none-eabi/10.3.1/../../../../arm-none-eabi/lib/thumb/v7e-m+fp/hard\libc_nano.a
END GROUP
START GROUP
LOAD c:/st/stm32cubeide_1.10.1/stm32cubeide/plugins/com.st.stm32cube.ide.mcu.externaltools.gnu-tools-for-stm32.10.3-2021.10.win32_1.0.0.202111181127/tools/bin/../lib/gcc/arm-none-eabi/10.3.1/thumb/v7e-m+fp/hard\libgcc.a
LOAD c:/st/stm32cubeide_1.10.1/stm32cubeide/plugins/com.st.stm32cube.ide.mcu.externaltools.gnu-tools-for-stm32.10.3-2021.10.win32_1.0.0.202111181127/tools/bin/../lib/gcc/arm-none-eabi/10.3.1/../../../../arm-none-eabi/lib/thumb/v7e-m+fp/hard\libc_nano.a
LOAD c:/st/stm32cubeide_1.10.1/stm32cubeide/plugins/com.st.stm32cube.ide.mcu.externaltools.gnu-tools-for-stm32.10.3-2021.10.win32_1.0.0.202111181127/tools/bin/../lib/gcc/arm-none-eabi/10.3.1/../../../../arm-none-eabi/lib/thumb/v7e-m+fp/hard\libnosys.a
END GROUP
START GROUP
LOAD c:/st/stm32cubeide_1.10.1/stm32cubeide/plugins/com.st.stm32cube.ide.mcu.externaltools.gnu-tools-for-stm32.10.3-2021.10.win32_1.0.0.202111181127/tools/bin/../lib/gcc/arm-none-eabi/10.3.1/thumb/v7e-m+fp/hard\libgcc.a
LOAD c:/st/stm32cubeide_1.10.1/stm32cubeide/plugins/com.st.stm32cube.ide.mcu.externaltools.gnu-tools-for-stm32.10.3-2021.10.win32_1.0.0.202111181127/tools/bin/../lib/gcc/arm-none-eabi/10.3.1/../../../../arm-none-eabi/lib/thumb/v7e-m+fp/hard\libc_nano.a
LOAD c:/st/stm32cubeide_1.10.1/stm32cubeide/plugins/com.st.stm32cube.ide.mcu.externaltools.gnu-tools-for-stm32.10.3-2021.10.win32_1.0.0.202111181127/tools/bin/../lib/gcc/arm-none-eabi/10.3.1/../../../../arm-none-eabi/lib/thumb/v7e-m+fp/hard\libnosys.a
END GROUP
LOAD c:/st/stm32cubeide_1.10.1/stm32cubeide/plugins/com.st.stm32cube.ide.mcu.externaltools.gnu-tools-for-stm32.10.3-2021.10.win32_1.0.0.202111181127/tools/bin/../lib/gcc/arm-none-eabi/10.3.1/thumb/v7e-m+fp/hard/crtend.o
LOAD c:/st/stm32cubeide_1.10.1/stm32cubeide/plugins/com.st.stm32cube.ide.mcu.externaltools.gnu-tools-for-stm32.10.3-2021.10.win32_1.0.0.202111181127/tools/bin/../lib/gcc/arm-none-eabi/10.3.1/thumb/v7e-m+fp/hard/crtn.o
                0x0000000020010000                _estack = (ORIGIN (RAM) + LENGTH (RAM))
                0x0000000000000200                _Min_Heap_Size = 0x200
                0x0000000000000400                _Min_Stack_Size = 0x400

.isr_vector     0x0000000008000000      0x18c
                0x0000000008000000                . = ALIGN (0x4)
 *(.isr_vector)
 .isr_vector    0x0000000008000000      0x18c ./Core/Startup/startup_stm32l432kcux.o
                0x0000000008000000                g_pfnVectors
                0x000000000800018c                . = ALIGN (0x4)

.text           0x0000000008000190     0xd44c
                0x0000000008000190                . = ALIGN (0x4)
 *(.text)
 .text          0x0000000008000190       0x40 c:/st/stm32cubeide_1.10.1/stm32cubeide/plugins/com.st.stm32cube.ide.mcu.externaltools.gnu-tools-for-stm32.10.3-2021.10.win32_1.0.0.202111181127/tools/bin/../lib/gcc/arm-none-eabi/10.3.1/thumb/v7e-m+fp/hard/crtbegin.o
 .text          0x00000000080001d0       0xa0 c:/st/stm32cubeide_1.10.1/stm32cubeide/plugins/com.st.stm32cube.ide.mcu.externaltools.gnu-tools-for-stm32.10.3-2021.10.win32_1.0.0.202111181127/tools/bin/../lib/gcc/arm-none-eabi/10.3.1/../../../../arm-none-eabi/lib/thumb/v7e-m+fp/hard\libc_nano.a(lib_a-memchr.o)
                0x00000000080001d0                memchr
 .text          0x0000000008000270      0x378 c:/st/stm32cubeide_1.10.1/stm32cubeide/plugins/com.st.stm32cube.ide.mcu.externaltools.gnu-tools-for-stm32.10.3-2021.10.win32_1.0.0.202111181127/tools/bin/../lib/gcc/arm-none-eabi/10.3.1/thumb/v7e-m+fp/hard\libgcc.a(_arm_addsubdf3.o)
                0x0000000008000270                __aeabi_drsub
                0x0000000008000278                __aeabi_dsub
                0x0000000008000278                __subdf3
                0x000000000800027c                __aeabi_dadd
                0x000000000800027c                __adddf3
                0x00000000080004f4                __floatunsidf
                0x00000000080004f4                __aeabi_ui2d
                0x0000000008000514                __floatsidf
                0x0000000008000514                __aeabi_i2d
                0x0000000008000538                __aeabi_f2d
                0x0000000008000538                __extendsfdf2
                0x000000000800057c                __floatundidf
                0x000000000800057c                __aeabi_ul2d
                0x000000000800058c                __floatdidf
                0x000000000800058c                __aeabi_l2d
 .text          0x00000000080005e8      0x424 c:/st/stm32cubeide_1.10.1/stm32cubeide/plugins/com.st.stm32cube.ide.mcu.externaltools.gnu-tools-for-stm32.10.3-2021.10.win32_1.0.0.202111181127/tools/bin/../lib/gcc/arm-none-eabi/10.3.1/thumb/v7e-m+fp/hard\libgcc.a(_arm_muldivdf3.o)
                0x00000000080005e8                __aeabi_dmul
                0x00000000080005e8                __muldf3
                0x000000000800083c                __divdf3
                0x000000000800083c                __aeabi_ddiv
 .text          0x0000000008000a0c      0x110 c:/st/stm32cubeide_1.10.1/stm32cubeide/plugins/com.st.stm32cube.ide.mcu.externaltools.gnu-tools-for-stm32.10.3-2021.10.win32_1.0.0.202111181127/tools/bin/../lib/gcc/arm-none-eabi/10.3.1/thumb/v7e-m+fp/hard\libgcc.a(_arm_cmpdf2.o)
                0x0000000008000a0c                __gtdf2
                0x0000000008000a0c                __gedf2
                0x0000000008000a14                __ltdf2
                0x0000000008000a14                __ledf2
                0x0000000008000a1c                __nedf2
                0x0000000008000a1c                __eqdf2
                0x0000000008000a1c                __cmpdf2
                0x0000000008000a98                __aeabi_cdrcmple
                0x0000000008000aa8                __aeabi_cdcmpeq
                0x0000000008000aa8                __aeabi_cdcmple
                0x0000000008000ab8                __aeabi_dcmpeq
                0x0000000008000acc                __aeabi_dcmplt
                0x0000000008000ae0                __aeabi_dcmple
                0x0000000008000af4                __aeabi_dcmpge
                0x0000000008000b08                __aeabi_dcmpgt
 .text          0x0000000008000b1c       0x50 c:/st/stm32cubeide_1.10.1/stm32cubeide/plugins/com.st.stm32cube.ide.mcu.externaltools.gnu-tools-for-stm32.10.3-2021.10.win32_1.0.0.202111181127/tools/bin/../lib/gcc/arm-none-eabi/10.3.1/thumb/v7e-m+fp/hard\libgcc.a(_arm_fixdfsi.o)
                0x0000000008000b1c                __aeabi_d2iz
                0x0000000008000b1c                __fixdfsi
 .text          0x0000000008000b6c       0xa0 c:/st/stm32cubeide_1.10.1/stm32cubeide/plugins/com.st.stm32cube.ide.mcu.externaltools.gnu-tools-for-stm32.10.3-2021.10.win32_1.0.0.202111181127/tools/bin/../lib/gcc/arm-none-eabi/10.3.1/thumb/v7e-m+fp/hard\libgcc.a(_arm_truncdfsf2.o)
                0x0000000008000b6c                __truncdfsf2
                0x0000000008000b6c                __aeabi_d2f
 .text          0x0000000008000c0c       0xa0 c:/st/stm32cubeide_1.10.1/stm32cubeide/plugins/com.st.stm32cube.ide.mcu.externaltools.gnu-tools-for-stm32.10.3-2021.10.win32_1.0.0.202111181127/tools/bin/../lib/gcc/arm-none-eabi/10.3.1/thumb/v7e-m+fp/hard\libgcc.a(_aeabi_ldivmod.o)
                0x0000000008000c0c                __aeabi_ldivmod
 .text          0x0000000008000cac       0x30 c:/st/stm32cubeide_1.10.1/stm32cubeide/plugins/com.st.stm32cube.ide.mcu.externaltools.gnu-tools-for-stm32.10.3-2021.10.win32_1.0.0.202111181127/tools/bin/../lib/gcc/arm-none-eabi/10.3.1/thumb/v7e-m+fp/hard\libgcc.a(_aeabi_uldivmod.o)
                0x0000000008000cac                __aeabi_uldivmod
 .text          0x0000000008000cdc       0x30 c:/st/stm32cubeide_1.10.1/stm32cubeide/plugins/com.st.stm32cube.ide.mcu.externaltools.gnu-tools-for-stm32.10.3-2021.10.win32_1.0.0.202111181127/tools/bin/../lib/gcc/arm-none-eabi/10.3.1/thumb/v7e-m+fp/hard\libgcc.a(_fixdfdi.o)
                0x0000000008000cdc                __fixdfdi
                0x0000000008000cdc                __aeabi_d2lz
 .text          0x0000000008000d0c       0x3c c:/st/stm32cubeide_1.10.1/stm32cubeide/plugins/com.st.stm32cube.ide.mcu.externaltools.gnu-tools-for-stm32.10.3-2021.10.win32_1.0.0.202111181127/tools/bin/../lib/gcc/arm-none-eabi/10.3.1/thumb/v7e-m+fp/hard\libgcc.a(_fixunsdfdi.o)
                0x0000000008000d0c                __fixunsdfdi
                0x0000000008000d0c                __aeabi_d2ulz
 .text          0x0000000008000d48      0x2d0 c:/st/stm32cubeide_1.10.1/stm32cubeide/plugins/com.st.stm32cube.ide.mcu.externaltools.gnu-tools-for-stm32.10.3-2021.10.win32_1.0.0.202111181127/tools/bin/../lib/gcc/arm-none-eabi/10.3.1/thumb/v7e-m+fp/hard\libgcc.a(_udivmoddi4.o)
                0x0000000008000d48                __udivmoddi4
 .text          0x0000000008001018        0x4 c:/st/stm32cubeide_1.10.1/stm32cubeide/plugins/com.st.stm32cube.ide.mcu.externaltools.gnu-tools-for-stm32.10.3-2021.10.win32_1.0.0.202111181127/tools/bin/../lib/gcc/arm-none-eabi/10.3.1/thumb/v7e-m+fp/hard\libgcc.a(_dvmd_tls.o)
                0x0000000008001018                __aeabi_idiv0
                0x0000000008001018                __aeabi_ldiv0
 .text          0x000000000800101c       0x40 c:/st/stm32cubeide_1.10.1/stm32cubeide/plugins/com.st.stm32cube.ide.mcu.externaltools.gnu-tools-for-stm32.10.3-2021.10.win32_1.0.0.202111181127/tools/bin/../lib/gcc/arm-none-eabi/10.3.1/thumb/v7e-m+fp/hard\libgcc.a(_arm_fixunsdfsi.o)
                0x000000000800101c                __aeabi_d2uiz
                0x000000000800101c                __fixunsdfsi
 *(.text*)
 .text.at_set_command
                0x000000000800105c       0xb4 ./Core/Src/ATcommands.o
                0x000000000800105c                at_set_command
 .text.at_execute_command
                0x0000000008001110       0x40 ./Core/Src/ATcommands.o
                0x0000000008001110                at_execute_command
 .text.MX_DMA_Init
                0x0000000008001150       0x3c ./Core/Src/dma.o
                0x0000000008001150                MX_DMA_Init
 .text.MX_FREERTOS_Init
                0x000000000800118c       0x74 ./Core/Src/freertos.o
                0x000000000800118c                MX_FREERTOS_Init
 .text.StartReadDataTask
                0x0000000008001200       0x6c ./Core/Src/freertos.o
                0x0000000008001200                StartReadDataTask
 .text.startSendDataTask
                0x000000000800126c       0xf4 ./Core/Src/freertos.o
                0x000000000800126c                startSendDataTask
 .text._startWifiClickTask
                0x0000000008001360       0x1c ./Core/Src/freertos.o
                0x0000000008001360                _startWifiClickTask
 .text.MX_GPIO_Init
                0x000000000800137c       0x60 ./Core/Src/gpio.o
                0x000000000800137c                MX_GPIO_Init
 .text.MX_I2C1_Init
                0x00000000080013dc       0x80 ./Core/Src/i2c.o
                0x00000000080013dc                MX_I2C1_Init
 .text.HAL_I2C_MspInit
                0x000000000800145c       0xb0 ./Core/Src/i2c.o
                0x000000000800145c                HAL_I2C_MspInit
 .text.main     0x000000000800150c       0x2e ./Core/Src/main.o
                0x000000000800150c                main
 *fill*         0x000000000800153a        0x2 
 .text.SystemClock_Config
                0x000000000800153c       0xc4 ./Core/Src/main.o
                0x000000000800153c                SystemClock_Config
 .text.HAL_TIM_PeriodElapsedCallback
                0x0000000008001600       0x24 ./Core/Src/main.o
                0x0000000008001600                HAL_TIM_PeriodElapsedCallback
 .text.Error_Handler
                0x0000000008001624        0xa ./Core/Src/main.o
                0x0000000008001624                Error_Handler
 *fill*         0x000000000800162e        0x2 
 .text.mpu9dof_default_cfg
                0x0000000008001630      0x11c ./Core/Src/mpu9dof.o
                0x0000000008001630                mpu9dof_default_cfg
 .text.mpu9dof_read
                0x000000000800174c      0x120 ./Core/Src/mpu9dof.o
                0x000000000800174c                mpu9dof_read
 .text.mpu9dof_calibrate_module
                0x000000000800186c      0x114 ./Core/Src/mpu9dof.o
                0x000000000800186c                mpu9dof_calibrate_module
 .text.mpu9dof_process
                0x0000000008001980      0x224 ./Core/Src/mpu9dof.o
                0x0000000008001980                mpu9dof_process
 .text.mpu9dof_log_data
                0x0000000008001ba4       0xd0 ./Core/Src/mpu9dof.o
                0x0000000008001ba4                mpu9dof_log_data
 .text.mpu9dof_generic_write
                0x0000000008001c74       0xb8 ./Core/Src/mpu9dof.o
                0x0000000008001c74                mpu9dof_generic_write
 .text.mpu9dof_generic_read
                0x0000000008001d2c       0x48 ./Core/Src/mpu9dof.o
                0x0000000008001d2c                mpu9dof_generic_read
 .text.get_bit_access
                0x0000000008001d74       0x2a ./Core/Src/printf.o
 .text.get_sign_bit
                0x0000000008001d9e       0x32 ./Core/Src/printf.o
 .text.putchar_via_gadget
                0x0000000008001dd0       0x50 ./Core/Src/printf.o
 .text.append_termination_with_gadget
                0x0000000008001e20       0x58 ./Core/Src/printf.o
 .text.discarding_gadget
                0x0000000008001e78       0x36 ./Core/Src/printf.o
 .text.buffer_gadget
                0x0000000008001eae       0x4c ./Core/Src/printf.o
 .text.strnlen_s_
                0x0000000008001efa       0x3a ./Core/Src/printf.o
 .text.is_digit_
                0x0000000008001f34       0x2e ./Core/Src/printf.o
 .text.atou_    0x0000000008001f62       0x48 ./Core/Src/printf.o
 .text.out_rev_
                0x0000000008001faa       0x8c ./Core/Src/printf.o
 .text.print_integer_finalization
                0x0000000008002036      0x1e4 ./Core/Src/printf.o
 .text.print_integer
                0x000000000800221a       0xe0 ./Core/Src/printf.o
 *fill*         0x00000000080022fa        0x2 
 .text.get_components
                0x00000000080022fc      0x220 ./Core/Src/printf.o
 .text.print_broken_up_decimal
                0x000000000800251c      0x250 ./Core/Src/printf.o
 .text.print_decimal_number
                0x000000000800276c       0x5a ./Core/Src/printf.o
 *fill*         0x00000000080027c6        0x2 
 .text.print_floating_point
                0x00000000080027c8      0x154 ./Core/Src/printf.o
 .text.parse_flags
                0x000000000800291c       0xdc ./Core/Src/printf.o
 .text.format_string_loop
                0x00000000080029f8      0x788 ./Core/Src/printf.o
 .text.vsnprintf_impl
                0x0000000008003180       0x28 ./Core/Src/printf.o
 .text.vsnprintf_
                0x00000000080031a8       0x34 ./Core/Src/printf.o
                0x00000000080031a8                vsnprintf_
 .text.vsprintf_
                0x00000000080031dc       0x24 ./Core/Src/printf.o
                0x00000000080031dc                vsprintf_
 .text.sprintf_
                0x0000000008003200       0x2c ./Core/Src/printf.o
                0x0000000008003200                sprintf_
 .text.RetargetInit
                0x000000000800322c       0x30 ./Core/Src/retarget.o
                0x000000000800322c                RetargetInit
 .text._isatty  0x000000000800325c       0x2c ./Core/Src/retarget.o
                0x000000000800325c                _isatty
 .text._write   0x0000000008003288       0x58 ./Core/Src/retarget.o
                0x0000000008003288                _write
 .text._close   0x00000000080032e0       0x2e ./Core/Src/retarget.o
                0x00000000080032e0                _close
 .text._lseek   0x000000000800330e       0x22 ./Core/Src/retarget.o
                0x000000000800330e                _lseek
 .text._read    0x0000000008003330       0x50 ./Core/Src/retarget.o
                0x0000000008003330                _read
 .text._fstat   0x0000000008003380       0x36 ./Core/Src/retarget.o
                0x0000000008003380                _fstat
 *fill*         0x00000000080033b6        0x2 
 .text.HAL_MspInit
                0x00000000080033b8       0x50 ./Core/Src/stm32l4xx_hal_msp.o
                0x00000000080033b8                HAL_MspInit
 .text.HAL_InitTick
                0x0000000008003408       0xdc ./Core/Src/stm32l4xx_hal_timebase_tim.o
                0x0000000008003408                HAL_InitTick
 .text.LL_USART_IsActiveFlag_IDLE
                0x00000000080034e4       0x26 ./Core/Src/stm32l4xx_it.o
 .text.LL_USART_ClearFlag_IDLE
                0x000000000800350a       0x1a ./Core/Src/stm32l4xx_it.o
 .text.LL_USART_IsEnabledIT_IDLE
                0x0000000008003524       0x26 ./Core/Src/stm32l4xx_it.o
 .text.NMI_Handler
                0x000000000800354a        0x6 ./Core/Src/stm32l4xx_it.o
                0x000000000800354a                NMI_Handler
 .text.HardFault_Handler
                0x0000000008003550        0x6 ./Core/Src/stm32l4xx_it.o
                0x0000000008003550                HardFault_Handler
 .text.MemManage_Handler
                0x0000000008003556        0x6 ./Core/Src/stm32l4xx_it.o
                0x0000000008003556                MemManage_Handler
 .text.BusFault_Handler
                0x000000000800355c        0x6 ./Core/Src/stm32l4xx_it.o
                0x000000000800355c                BusFault_Handler
 .text.UsageFault_Handler
                0x0000000008003562        0x6 ./Core/Src/stm32l4xx_it.o
                0x0000000008003562                UsageFault_Handler
 .text.DebugMon_Handler
                0x0000000008003568        0xe ./Core/Src/stm32l4xx_it.o
                0x0000000008003568                DebugMon_Handler
 *fill*         0x0000000008003576        0x2 
 .text.DMA1_Channel5_IRQHandler
                0x0000000008003578       0x14 ./Core/Src/stm32l4xx_it.o
                0x0000000008003578                DMA1_Channel5_IRQHandler
 .text.TIM1_UP_TIM16_IRQHandler
                0x000000000800358c       0x14 ./Core/Src/stm32l4xx_it.o
                0x000000000800358c                TIM1_UP_TIM16_IRQHandler
 .text.USART1_IRQHandler
                0x00000000080035a0       0x70 ./Core/Src/stm32l4xx_it.o
                0x00000000080035a0                USART1_IRQHandler
 .text.USART2_IRQHandler
                0x0000000008003610       0x14 ./Core/Src/stm32l4xx_it.o
                0x0000000008003610                USART2_IRQHandler
 .text._sbrk    0x0000000008003624       0x6c ./Core/Src/sysmem.o
                0x0000000008003624                _sbrk
 .text.SystemInit
                0x0000000008003690       0x24 ./Core/Src/system_stm32l4xx.o
                0x0000000008003690                SystemInit
 .text.MX_USART1_UART_Init
                0x00000000080036b4       0x60 ./Core/Src/usart.o
                0x00000000080036b4                MX_USART1_UART_Init
 .text.MX_USART2_UART_Init
                0x0000000008003714       0x64 ./Core/Src/usart.o
                0x0000000008003714                MX_USART2_UART_Init
 .text.HAL_UART_MspInit
                0x0000000008003778      0x1cc ./Core/Src/usart.o
                0x0000000008003778                HAL_UART_MspInit
 .text.LL_USART_EnableIT_IDLE
                0x0000000008003944       0x42 ./Core/Src/wifiClick.o
 *fill*         0x0000000008003986        0x2 
 .text.StartWifiClick
                0x0000000008003988      0x104 ./Core/Src/wifiClick.o
                0x0000000008003988                StartWifiClick
 .text.UartHandlerTask
                0x0000000008003a8c      0x168 ./Core/Src/wifiClick.o
                0x0000000008003a8c                UartHandlerTask
 .text.HAL_UART_RxCpltCallback
                0x0000000008003bf4       0x68 ./Core/Src/wifiClick.o
                0x0000000008003bf4                HAL_UART_RxCpltCallback
 .text.SendATCommand
                0x0000000008003c5c       0x30 ./Core/Src/wifiClick.o
                0x0000000008003c5c                SendATCommand
 .text.Reset_Handler
                0x0000000008003c8c       0x50 ./Core/Startup/startup_stm32l432kcux.o
                0x0000000008003c8c                Reset_Handler
 .text.Default_Handler
                0x0000000008003cdc        0x2 ./Core/Startup/startup_stm32l432kcux.o
                0x0000000008003cdc                RTC_Alarm_IRQHandler
                0x0000000008003cdc                EXTI2_IRQHandler
                0x0000000008003cdc                TIM1_CC_IRQHandler
                0x0000000008003cdc                TSC_IRQHandler
                0x0000000008003cdc                TAMP_STAMP_IRQHandler
                0x0000000008003cdc                EXTI3_IRQHandler
                0x0000000008003cdc                LPTIM2_IRQHandler
                0x0000000008003cdc                I2C3_ER_IRQHandler
                0x0000000008003cdc                EXTI0_IRQHandler
                0x0000000008003cdc                CAN1_RX0_IRQHandler
                0x0000000008003cdc                FPU_IRQHandler
                0x0000000008003cdc                SPI1_IRQHandler
                0x0000000008003cdc                TIM6_DAC_IRQHandler
                0x0000000008003cdc                DMA2_Channel2_IRQHandler
                0x0000000008003cdc                DMA1_Channel4_IRQHandler
                0x0000000008003cdc                ADC1_IRQHandler
                0x0000000008003cdc                DMA1_Channel7_IRQHandler
                0x0000000008003cdc                CAN1_RX1_IRQHandler
                0x0000000008003cdc                DMA2_Channel1_IRQHandler
                0x0000000008003cdc                QUADSPI_IRQHandler
                0x0000000008003cdc                I2C1_EV_IRQHandler
                0x0000000008003cdc                DMA1_Channel6_IRQHandler
                0x0000000008003cdc                DMA2_Channel4_IRQHandler
                0x0000000008003cdc                RCC_IRQHandler
                0x0000000008003cdc                TIM1_TRG_COM_IRQHandler
                0x0000000008003cdc                DMA1_Channel1_IRQHandler
                0x0000000008003cdc                Default_Handler
                0x0000000008003cdc                DMA2_Channel7_IRQHandler
                0x0000000008003cdc                EXTI15_10_IRQHandler
                0x0000000008003cdc                TIM7_IRQHandler
                0x0000000008003cdc                I2C3_EV_IRQHandler
                0x0000000008003cdc                USB_IRQHandler
                0x0000000008003cdc                EXTI9_5_IRQHandler
                0x0000000008003cdc                RTC_WKUP_IRQHandler
                0x0000000008003cdc                PVD_PVM_IRQHandler
                0x0000000008003cdc                CAN1_TX_IRQHandler
                0x0000000008003cdc                DMA2_Channel5_IRQHandler
                0x0000000008003cdc                CRS_IRQHandler
                0x0000000008003cdc                EXTI4_IRQHandler
                0x0000000008003cdc                RNG_IRQHandler
                0x0000000008003cdc                DMA1_Channel3_IRQHandler
                0x0000000008003cdc                COMP_IRQHandler
                0x0000000008003cdc                WWDG_IRQHandler
                0x0000000008003cdc                LPUART1_IRQHandler
                0x0000000008003cdc                DMA2_Channel6_IRQHandler
                0x0000000008003cdc                TIM2_IRQHandler
                0x0000000008003cdc                EXTI1_IRQHandler
                0x0000000008003cdc                DMA1_Channel2_IRQHandler
                0x0000000008003cdc                CAN1_SCE_IRQHandler
                0x0000000008003cdc                FLASH_IRQHandler
                0x0000000008003cdc                SPI3_IRQHandler
                0x0000000008003cdc                I2C1_ER_IRQHandler
                0x0000000008003cdc                SWPMI1_IRQHandler
                0x0000000008003cdc                LPTIM1_IRQHandler
                0x0000000008003cdc                SAI1_IRQHandler
                0x0000000008003cdc                DMA2_Channel3_IRQHandler
                0x0000000008003cdc                TIM1_BRK_TIM15_IRQHandler
 .text.HAL_Init
                0x0000000008003cde       0x30 ./Drivers/STM32L4xx_HAL_Driver/Src/stm32l4xx_hal.o
                0x0000000008003cde                HAL_Init
 *fill*         0x0000000008003d0e        0x2 
 .text.HAL_IncTick
                0x0000000008003d10       0x28 ./Drivers/STM32L4xx_HAL_Driver/Src/stm32l4xx_hal.o
                0x0000000008003d10                HAL_IncTick
 .text.HAL_GetTick
                0x0000000008003d38       0x18 ./Drivers/STM32L4xx_HAL_Driver/Src/stm32l4xx_hal.o
                0x0000000008003d38                HAL_GetTick
 .text.HAL_Delay
                0x0000000008003d50       0x48 ./Drivers/STM32L4xx_HAL_Driver/Src/stm32l4xx_hal.o
                0x0000000008003d50                HAL_Delay
 .text.__NVIC_SetPriorityGrouping
                0x0000000008003d98       0x48 ./Drivers/STM32L4xx_HAL_Driver/Src/stm32l4xx_hal_cortex.o
 .text.__NVIC_GetPriorityGrouping
                0x0000000008003de0       0x1c ./Drivers/STM32L4xx_HAL_Driver/Src/stm32l4xx_hal_cortex.o
 .text.__NVIC_EnableIRQ
                0x0000000008003dfc       0x3c ./Drivers/STM32L4xx_HAL_Driver/Src/stm32l4xx_hal_cortex.o
 .text.__NVIC_SetPriority
                0x0000000008003e38       0x54 ./Drivers/STM32L4xx_HAL_Driver/Src/stm32l4xx_hal_cortex.o
 .text.NVIC_EncodePriority
                0x0000000008003e8c       0x66 ./Drivers/STM32L4xx_HAL_Driver/Src/stm32l4xx_hal_cortex.o
 .text.HAL_NVIC_SetPriorityGrouping
                0x0000000008003ef2       0x16 ./Drivers/STM32L4xx_HAL_Driver/Src/stm32l4xx_hal_cortex.o
                0x0000000008003ef2                HAL_NVIC_SetPriorityGrouping
 .text.HAL_NVIC_SetPriority
                0x0000000008003f08       0x38 ./Drivers/STM32L4xx_HAL_Driver/Src/stm32l4xx_hal_cortex.o
                0x0000000008003f08                HAL_NVIC_SetPriority
 .text.HAL_NVIC_EnableIRQ
                0x0000000008003f40       0x1c ./Drivers/STM32L4xx_HAL_Driver/Src/stm32l4xx_hal_cortex.o
                0x0000000008003f40                HAL_NVIC_EnableIRQ
 .text.HAL_DMA_Init
                0x0000000008003f5c      0x170 ./Drivers/STM32L4xx_HAL_Driver/Src/stm32l4xx_hal_dma.o
                0x0000000008003f5c                HAL_DMA_Init
 .text.HAL_DMA_Start_IT
                0x00000000080040cc       0xc0 ./Drivers/STM32L4xx_HAL_Driver/Src/stm32l4xx_hal_dma.o
                0x00000000080040cc                HAL_DMA_Start_IT
 .text.HAL_DMA_Abort
                0x000000000800418c       0x7c ./Drivers/STM32L4xx_HAL_Driver/Src/stm32l4xx_hal_dma.o
                0x000000000800418c                HAL_DMA_Abort
 .text.HAL_DMA_Abort_IT
                0x0000000008004208       0x82 ./Drivers/STM32L4xx_HAL_Driver/Src/stm32l4xx_hal_dma.o
                0x0000000008004208                HAL_DMA_Abort_IT
 .text.HAL_DMA_IRQHandler
                0x000000000800428a      0x15e ./Drivers/STM32L4xx_HAL_Driver/Src/stm32l4xx_hal_dma.o
                0x000000000800428a                HAL_DMA_IRQHandler
 .text.DMA_SetConfig
                0x00000000080043e8       0x60 ./Drivers/STM32L4xx_HAL_Driver/Src/stm32l4xx_hal_dma.o
 .text.HAL_GPIO_Init
                0x0000000008004448      0x2d4 ./Drivers/STM32L4xx_HAL_Driver/Src/stm32l4xx_hal_gpio.o
                0x0000000008004448                HAL_GPIO_Init
 .text.HAL_I2C_Init
                0x000000000800471c      0x11e ./Drivers/STM32L4xx_HAL_Driver/Src/stm32l4xx_hal_i2c.o
                0x000000000800471c                HAL_I2C_Init
 *fill*         0x000000000800483a        0x2 
 .text.HAL_I2C_Master_Transmit
                0x000000000800483c      0x1e8 ./Drivers/STM32L4xx_HAL_Driver/Src/stm32l4xx_hal_i2c.o
                0x000000000800483c                HAL_I2C_Master_Transmit
 .text.HAL_I2C_Mem_Read
                0x0000000008004a24      0x234 ./Drivers/STM32L4xx_HAL_Driver/Src/stm32l4xx_hal_i2c.o
                0x0000000008004a24                HAL_I2C_Mem_Read
 .text.I2C_RequestMemoryRead
                0x0000000008004c58       0xa8 ./Drivers/STM32L4xx_HAL_Driver/Src/stm32l4xx_hal_i2c.o
 .text.I2C_Flush_TXDR
                0x0000000008004d00       0x48 ./Drivers/STM32L4xx_HAL_Driver/Src/stm32l4xx_hal_i2c.o
 .text.I2C_WaitOnFlagUntilTimeout
                0x0000000008004d48       0x80 ./Drivers/STM32L4xx_HAL_Driver/Src/stm32l4xx_hal_i2c.o
 .text.I2C_WaitOnTXISFlagUntilTimeout
                0x0000000008004dc8       0x80 ./Drivers/STM32L4xx_HAL_Driver/Src/stm32l4xx_hal_i2c.o
 .text.I2C_WaitOnSTOPFlagUntilTimeout
                0x0000000008004e48       0x78 ./Drivers/STM32L4xx_HAL_Driver/Src/stm32l4xx_hal_i2c.o
 .text.I2C_IsErrorOccurred
                0x0000000008004ec0      0x1d8 ./Drivers/STM32L4xx_HAL_Driver/Src/stm32l4xx_hal_i2c.o
 .text.I2C_TransferConfig
                0x0000000008005098       0x64 ./Drivers/STM32L4xx_HAL_Driver/Src/stm32l4xx_hal_i2c.o
 .text.HAL_I2CEx_ConfigAnalogFilter
                0x00000000080050fc       0x96 ./Drivers/STM32L4xx_HAL_Driver/Src/stm32l4xx_hal_i2c_ex.o
                0x00000000080050fc                HAL_I2CEx_ConfigAnalogFilter
 .text.HAL_I2CEx_ConfigDigitalFilter
                0x0000000008005192       0x98 ./Drivers/STM32L4xx_HAL_Driver/Src/stm32l4xx_hal_i2c_ex.o
                0x0000000008005192                HAL_I2CEx_ConfigDigitalFilter
 *fill*         0x000000000800522a        0x2 
 .text.HAL_PWR_EnableBkUpAccess
                0x000000000800522c       0x20 ./Drivers/STM32L4xx_HAL_Driver/Src/stm32l4xx_hal_pwr.o
                0x000000000800522c                HAL_PWR_EnableBkUpAccess
 .text.HAL_PWREx_GetVoltageRange
                0x000000000800524c       0x1c ./Drivers/STM32L4xx_HAL_Driver/Src/stm32l4xx_hal_pwr_ex.o
                0x000000000800524c                HAL_PWREx_GetVoltageRange
 .text.HAL_PWREx_ControlVoltageScaling
                0x0000000008005268       0xac ./Drivers/STM32L4xx_HAL_Driver/Src/stm32l4xx_hal_pwr_ex.o
                0x0000000008005268                HAL_PWREx_ControlVoltageScaling
 .text.HAL_RCC_OscConfig
                0x0000000008005314      0x828 ./Drivers/STM32L4xx_HAL_Driver/Src/stm32l4xx_hal_rcc.o
                0x0000000008005314                HAL_RCC_OscConfig
 .text.HAL_RCC_ClockConfig
                0x0000000008005b3c      0x200 ./Drivers/STM32L4xx_HAL_Driver/Src/stm32l4xx_hal_rcc.o
                0x0000000008005b3c                HAL_RCC_ClockConfig
 .text.HAL_RCC_GetSysClockFreq
                0x0000000008005d3c      0x118 ./Drivers/STM32L4xx_HAL_Driver/Src/stm32l4xx_hal_rcc.o
                0x0000000008005d3c                HAL_RCC_GetSysClockFreq
 .text.HAL_RCC_GetHCLKFreq
                0x0000000008005e54       0x18 ./Drivers/STM32L4xx_HAL_Driver/Src/stm32l4xx_hal_rcc.o
                0x0000000008005e54                HAL_RCC_GetHCLKFreq
 .text.HAL_RCC_GetPCLK1Freq
                0x0000000008005e6c       0x2c ./Drivers/STM32L4xx_HAL_Driver/Src/stm32l4xx_hal_rcc.o
                0x0000000008005e6c                HAL_RCC_GetPCLK1Freq
 .text.HAL_RCC_GetPCLK2Freq
                0x0000000008005e98       0x2c ./Drivers/STM32L4xx_HAL_Driver/Src/stm32l4xx_hal_rcc.o
                0x0000000008005e98                HAL_RCC_GetPCLK2Freq
 .text.HAL_RCC_GetClockConfig
                0x0000000008005ec4       0x64 ./Drivers/STM32L4xx_HAL_Driver/Src/stm32l4xx_hal_rcc.o
                0x0000000008005ec4                HAL_RCC_GetClockConfig
 .text.RCC_SetFlashLatencyFromMSIRange
                0x0000000008005f28       0xc0 ./Drivers/STM32L4xx_HAL_Driver/Src/stm32l4xx_hal_rcc.o
 .text.HAL_RCCEx_PeriphCLKConfig
                0x0000000008005fe8      0x3ec ./Drivers/STM32L4xx_HAL_Driver/Src/stm32l4xx_hal_rcc_ex.o
                0x0000000008005fe8                HAL_RCCEx_PeriphCLKConfig
 .text.HAL_RCCEx_EnableMSIPLLMode
                0x00000000080063d4       0x20 ./Drivers/STM32L4xx_HAL_Driver/Src/stm32l4xx_hal_rcc_ex.o
                0x00000000080063d4                HAL_RCCEx_EnableMSIPLLMode
 .text.RCCEx_PLLSAI1_Config
                0x00000000080063f4      0x1e4 ./Drivers/STM32L4xx_HAL_Driver/Src/stm32l4xx_hal_rcc_ex.o
 .text.HAL_TIM_Base_Init
                0x00000000080065d8       0xae ./Drivers/STM32L4xx_HAL_Driver/Src/stm32l4xx_hal_tim.o
                0x00000000080065d8                HAL_TIM_Base_Init
 .text.HAL_TIM_Base_MspInit
                0x0000000008006686       0x14 ./Drivers/STM32L4xx_HAL_Driver/Src/stm32l4xx_hal_tim.o
                0x0000000008006686                HAL_TIM_Base_MspInit
 *fill*         0x000000000800669a        0x2 
 .text.HAL_TIM_Base_Start_IT
                0x000000000800669c       0xa8 ./Drivers/STM32L4xx_HAL_Driver/Src/stm32l4xx_hal_tim.o
                0x000000000800669c                HAL_TIM_Base_Start_IT
 .text.HAL_TIM_IRQHandler
                0x0000000008006744      0x23e ./Drivers/STM32L4xx_HAL_Driver/Src/stm32l4xx_hal_tim.o
                0x0000000008006744                HAL_TIM_IRQHandler
 .text.HAL_TIM_OC_DelayElapsedCallback
                0x0000000008006982       0x14 ./Drivers/STM32L4xx_HAL_Driver/Src/stm32l4xx_hal_tim.o
                0x0000000008006982                HAL_TIM_OC_DelayElapsedCallback
 .text.HAL_TIM_IC_CaptureCallback
                0x0000000008006996       0x14 ./Drivers/STM32L4xx_HAL_Driver/Src/stm32l4xx_hal_tim.o
                0x0000000008006996                HAL_TIM_IC_CaptureCallback
 .text.HAL_TIM_PWM_PulseFinishedCallback
                0x00000000080069aa       0x14 ./Drivers/STM32L4xx_HAL_Driver/Src/stm32l4xx_hal_tim.o
                0x00000000080069aa                HAL_TIM_PWM_PulseFinishedCallback
 .text.HAL_TIM_TriggerCallback
                0x00000000080069be       0x14 ./Drivers/STM32L4xx_HAL_Driver/Src/stm32l4xx_hal_tim.o
                0x00000000080069be                HAL_TIM_TriggerCallback
 *fill*         0x00000000080069d2        0x2 
 .text.TIM_Base_SetConfig
                0x00000000080069d4       0xc8 ./Drivers/STM32L4xx_HAL_Driver/Src/stm32l4xx_hal_tim.o
                0x00000000080069d4                TIM_Base_SetConfig
 .text.HAL_TIMEx_CommutCallback
                0x0000000008006a9c       0x14 ./Drivers/STM32L4xx_HAL_Driver/Src/stm32l4xx_hal_tim_ex.o
                0x0000000008006a9c                HAL_TIMEx_CommutCallback
 .text.HAL_TIMEx_BreakCallback
                0x0000000008006ab0       0x14 ./Drivers/STM32L4xx_HAL_Driver/Src/stm32l4xx_hal_tim_ex.o
                0x0000000008006ab0                HAL_TIMEx_BreakCallback
 .text.HAL_TIMEx_Break2Callback
                0x0000000008006ac4       0x14 ./Drivers/STM32L4xx_HAL_Driver/Src/stm32l4xx_hal_tim_ex.o
                0x0000000008006ac4                HAL_TIMEx_Break2Callback
 .text.HAL_UART_Init
                0x0000000008006ad8       0x9c ./Drivers/STM32L4xx_HAL_Driver/Src/stm32l4xx_hal_uart.o
                0x0000000008006ad8                HAL_UART_Init
 .text.HAL_UART_Transmit
                0x0000000008006b74      0x128 ./Drivers/STM32L4xx_HAL_Driver/Src/stm32l4xx_hal_uart.o
                0x0000000008006b74                HAL_UART_Transmit
 .text.HAL_UART_Receive
                0x0000000008006c9c      0x1a2 ./Drivers/STM32L4xx_HAL_Driver/Src/stm32l4xx_hal_uart.o
                0x0000000008006c9c                HAL_UART_Receive
 *fill*         0x0000000008006e3e        0x2 
 .text.HAL_UART_Transmit_IT
                0x0000000008006e40       0xdc ./Drivers/STM32L4xx_HAL_Driver/Src/stm32l4xx_hal_uart.o
                0x0000000008006e40                HAL_UART_Transmit_IT
 .text.HAL_UART_Receive_IT
                0x0000000008006f1c       0xac ./Drivers/STM32L4xx_HAL_Driver/Src/stm32l4xx_hal_uart.o
                0x0000000008006f1c                HAL_UART_Receive_IT
 .text.HAL_UART_Receive_DMA
                0x0000000008006fc8       0xac ./Drivers/STM32L4xx_HAL_Driver/Src/stm32l4xx_hal_uart.o
                0x0000000008006fc8                HAL_UART_Receive_DMA
 .text.HAL_UART_IRQHandler
                0x0000000008007074      0x5c4 ./Drivers/STM32L4xx_HAL_Driver/Src/stm32l4xx_hal_uart.o
                0x0000000008007074                HAL_UART_IRQHandler
 .text.HAL_UART_TxCpltCallback
                0x0000000008007638       0x14 ./Drivers/STM32L4xx_HAL_Driver/Src/stm32l4xx_hal_uart.o
                0x0000000008007638                HAL_UART_TxCpltCallback
 .text.HAL_UART_RxHalfCpltCallback
                0x000000000800764c       0x14 ./Drivers/STM32L4xx_HAL_Driver/Src/stm32l4xx_hal_uart.o
                0x000000000800764c                HAL_UART_RxHalfCpltCallback
 .text.HAL_UART_ErrorCallback
                0x0000000008007660       0x14 ./Drivers/STM32L4xx_HAL_Driver/Src/stm32l4xx_hal_uart.o
                0x0000000008007660                HAL_UART_ErrorCallback
 .text.HAL_UARTEx_RxEventCallback
                0x0000000008007674       0x18 ./Drivers/STM32L4xx_HAL_Driver/Src/stm32l4xx_hal_uart.o
                0x0000000008007674                HAL_UARTEx_RxEventCallback
 .text.UART_SetConfig
                0x000000000800768c      0x458 ./Drivers/STM32L4xx_HAL_Driver/Src/stm32l4xx_hal_uart.o
                0x000000000800768c                UART_SetConfig
 .text.UART_AdvFeatureConfig
                0x0000000008007ae4      0x144 ./Drivers/STM32L4xx_HAL_Driver/Src/stm32l4xx_hal_uart.o
                0x0000000008007ae4                UART_AdvFeatureConfig
 .text.UART_CheckIdleState
                0x0000000008007c28       0x92 ./Drivers/STM32L4xx_HAL_Driver/Src/stm32l4xx_hal_uart.o
                0x0000000008007c28                UART_CheckIdleState
 .text.UART_WaitOnFlagUntilTimeout
                0x0000000008007cba      0x188 ./Drivers/STM32L4xx_HAL_Driver/Src/stm32l4xx_hal_uart.o
                0x0000000008007cba                UART_WaitOnFlagUntilTimeout
 *fill*         0x0000000008007e42        0x2 
 .text.UART_Start_Receive_IT
                0x0000000008007e44      0x194 ./Drivers/STM32L4xx_HAL_Driver/Src/stm32l4xx_hal_uart.o
                0x0000000008007e44                UART_Start_Receive_IT
 .text.UART_Start_Receive_DMA
                0x0000000008007fd8      0x14c ./Drivers/STM32L4xx_HAL_Driver/Src/stm32l4xx_hal_uart.o
                0x0000000008007fd8                UART_Start_Receive_DMA
 .text.UART_EndTxTransfer
                0x0000000008008124       0x4c ./Drivers/STM32L4xx_HAL_Driver/Src/stm32l4xx_hal_uart.o
 .text.UART_EndRxTransfer
                0x0000000008008170       0xc6 ./Drivers/STM32L4xx_HAL_Driver/Src/stm32l4xx_hal_uart.o
 .text.UART_DMAReceiveCplt
                0x0000000008008236      0x124 ./Drivers/STM32L4xx_HAL_Driver/Src/stm32l4xx_hal_uart.o
 .text.UART_DMARxHalfCplt
                0x000000000800835a       0x38 ./Drivers/STM32L4xx_HAL_Driver/Src/stm32l4xx_hal_uart.o
 .text.UART_DMAError
                0x0000000008008392       0x7c ./Drivers/STM32L4xx_HAL_Driver/Src/stm32l4xx_hal_uart.o
 .text.UART_DMAAbortOnError
                0x000000000800840e       0x2c ./Drivers/STM32L4xx_HAL_Driver/Src/stm32l4xx_hal_uart.o
 .text.UART_TxISR_8BIT
                0x000000000800843a       0xb8 ./Drivers/STM32L4xx_HAL_Driver/Src/stm32l4xx_hal_uart.o
 .text.UART_TxISR_16BIT
                0x00000000080084f2       0xc0 ./Drivers/STM32L4xx_HAL_Driver/Src/stm32l4xx_hal_uart.o
 .text.UART_EndTransmit_IT
                0x00000000080085b2       0x54 ./Drivers/STM32L4xx_HAL_Driver/Src/stm32l4xx_hal_uart.o
 .text.UART_RxISR_8BIT
                0x0000000008008606      0x160 ./Drivers/STM32L4xx_HAL_Driver/Src/stm32l4xx_hal_uart.o
 .text.UART_RxISR_16BIT
                0x0000000008008766      0x160 ./Drivers/STM32L4xx_HAL_Driver/Src/stm32l4xx_hal_uart.o
 .text.HAL_UARTEx_WakeupCallback
                0x00000000080088c6       0x14 ./Drivers/STM32L4xx_HAL_Driver/Src/stm32l4xx_hal_uart_ex.o
                0x00000000080088c6                HAL_UARTEx_WakeupCallback
 *fill*         0x00000000080088da        0x2 
 .text.__NVIC_SetPriority
                0x00000000080088dc       0x54 ./Middlewares/Third_Party/FreeRTOS/Source/CMSIS_RTOS_V2/cmsis_os2.o
 .text.SysTick_Handler
                0x0000000008008930       0x20 ./Middlewares/Third_Party/FreeRTOS/Source/CMSIS_RTOS_V2/cmsis_os2.o
                0x0000000008008930                SysTick_Handler
 .text.SVC_Setup
                0x0000000008008950       0x12 ./Middlewares/Third_Party/FreeRTOS/Source/CMSIS_RTOS_V2/cmsis_os2.o
 *fill*         0x0000000008008962        0x2 
 .text.osKernelInitialize
                0x0000000008008964       0x48 ./Middlewares/Third_Party/FreeRTOS/Source/CMSIS_RTOS_V2/cmsis_os2.o
                0x0000000008008964                osKernelInitialize
 .text.osKernelStart
                0x00000000080089ac       0x4c ./Middlewares/Third_Party/FreeRTOS/Source/CMSIS_RTOS_V2/cmsis_os2.o
                0x00000000080089ac                osKernelStart
 .text.osThreadNew
                0x00000000080089f8      0x126 ./Middlewares/Third_Party/FreeRTOS/Source/CMSIS_RTOS_V2/cmsis_os2.o
                0x00000000080089f8                osThreadNew
 *fill*         0x0000000008008b1e        0x2 
 .text.osThreadYield
                0x0000000008008b20       0x40 ./Middlewares/Third_Party/FreeRTOS/Source/CMSIS_RTOS_V2/cmsis_os2.o
                0x0000000008008b20                osThreadYield
 .text.osThreadExit
                0x0000000008008b60        0xc ./Middlewares/Third_Party/FreeRTOS/Source/CMSIS_RTOS_V2/cmsis_os2.o
                0x0000000008008b60                osThreadExit
 .text.osDelay  0x0000000008008b6c       0x36 ./Middlewares/Third_Party/FreeRTOS/Source/CMSIS_RTOS_V2/cmsis_os2.o
                0x0000000008008b6c                osDelay
 .text.osMessageQueueNew
                0x0000000008008ba2       0xe6 ./Middlewares/Third_Party/FreeRTOS/Source/CMSIS_RTOS_V2/cmsis_os2.o
                0x0000000008008ba2                osMessageQueueNew
 .text.osMessageQueuePut
                0x0000000008008c88       0xc0 ./Middlewares/Third_Party/FreeRTOS/Source/CMSIS_RTOS_V2/cmsis_os2.o
                0x0000000008008c88                osMessageQueuePut
 .text.osMessageQueueGet
                0x0000000008008d48       0xbc ./Middlewares/Third_Party/FreeRTOS/Source/CMSIS_RTOS_V2/cmsis_os2.o
                0x0000000008008d48                osMessageQueueGet
 .text.vApplicationGetIdleTaskMemory
                0x0000000008008e04       0x34 ./Middlewares/Third_Party/FreeRTOS/Source/CMSIS_RTOS_V2/cmsis_os2.o
                0x0000000008008e04                vApplicationGetIdleTaskMemory
 .text.vApplicationGetTimerTaskMemory
                0x0000000008008e38       0x34 ./Middlewares/Third_Party/FreeRTOS/Source/CMSIS_RTOS_V2/cmsis_os2.o
                0x0000000008008e38                vApplicationGetTimerTaskMemory
 .text.vListInitialise
                0x0000000008008e6c       0x40 ./Middlewares/Third_Party/FreeRTOS/Source/list.o
                0x0000000008008e6c                vListInitialise
 .text.vListInitialiseItem
                0x0000000008008eac       0x1a ./Middlewares/Third_Party/FreeRTOS/Source/list.o
                0x0000000008008eac                vListInitialiseItem
 .text.vListInsertEnd
                0x0000000008008ec6       0x48 ./Middlewares/Third_Party/FreeRTOS/Source/list.o
                0x0000000008008ec6                vListInsertEnd
 .text.vListInsert
                0x0000000008008f0e       0x72 ./Middlewares/Third_Party/FreeRTOS/Source/list.o
                0x0000000008008f0e                vListInsert
 .text.uxListRemove
                0x0000000008008f80       0x54 ./Middlewares/Third_Party/FreeRTOS/Source/list.o
                0x0000000008008f80                uxListRemove
 .text.xQueueGenericReset
                0x0000000008008fd4       0xd0 ./Middlewares/Third_Party/FreeRTOS/Source/queue.o
                0x0000000008008fd4                xQueueGenericReset
 .text.xQueueGenericCreateStatic
                0x00000000080090a4       0xf0 ./Middlewares/Third_Party/FreeRTOS/Source/queue.o
                0x00000000080090a4                xQueueGenericCreateStatic
 .text.xQueueGenericCreate
                0x0000000008009194       0x74 ./Middlewares/Third_Party/FreeRTOS/Source/queue.o
                0x0000000008009194                xQueueGenericCreate
 .text.prvInitialiseNewQueue
                0x0000000008009208       0x46 ./Middlewares/Third_Party/FreeRTOS/Source/queue.o
 *fill*         0x000000000800924e        0x2 
 .text.xQueueGenericSend
                0x0000000008009250      0x1fc ./Middlewares/Third_Party/FreeRTOS/Source/queue.o
                0x0000000008009250                xQueueGenericSend
 .text.xQueueGenericSendFromISR
                0x000000000800944c      0x136 ./Middlewares/Third_Party/FreeRTOS/Source/queue.o
                0x000000000800944c                xQueueGenericSendFromISR
 *fill*         0x0000000008009582        0x2 
 .text.xQueueReceive
                0x0000000008009584      0x1c0 ./Middlewares/Third_Party/FreeRTOS/Source/queue.o
                0x0000000008009584                xQueueReceive
 .text.xQueueReceiveFromISR
                0x0000000008009744      0x100 ./Middlewares/Third_Party/FreeRTOS/Source/queue.o
                0x0000000008009744                xQueueReceiveFromISR
 .text.prvCopyDataToQueue
                0x0000000008009844       0xd4 ./Middlewares/Third_Party/FreeRTOS/Source/queue.o
 .text.prvCopyDataFromQueue
                0x0000000008009918       0x4c ./Middlewares/Third_Party/FreeRTOS/Source/queue.o
 .text.prvUnlockQueue
                0x0000000008009964       0xa4 ./Middlewares/Third_Party/FreeRTOS/Source/queue.o
 .text.prvIsQueueEmpty
                0x0000000008009a08       0x2c ./Middlewares/Third_Party/FreeRTOS/Source/queue.o
 .text.prvIsQueueFull
                0x0000000008009a34       0x30 ./Middlewares/Third_Party/FreeRTOS/Source/queue.o
 .text.vQueueAddToRegistry
                0x0000000008009a64       0x54 ./Middlewares/Third_Party/FreeRTOS/Source/queue.o
                0x0000000008009a64                vQueueAddToRegistry
 .text.vQueueWaitForMessageRestricted
                0x0000000008009ab8       0x68 ./Middlewares/Third_Party/FreeRTOS/Source/queue.o
                0x0000000008009ab8                vQueueWaitForMessageRestricted
 .text.xTaskCreateStatic
                0x0000000008009b20       0xba ./Middlewares/Third_Party/FreeRTOS/Source/tasks.o
                0x0000000008009b20                xTaskCreateStatic
 .text.xTaskCreate
                0x0000000008009bda       0x8a ./Middlewares/Third_Party/FreeRTOS/Source/tasks.o
                0x0000000008009bda                xTaskCreate
 .text.prvInitialiseNewTask
                0x0000000008009c64      0x14c ./Middlewares/Third_Party/FreeRTOS/Source/tasks.o
 .text.prvAddNewTaskToReadyList
                0x0000000008009db0       0xe0 ./Middlewares/Third_Party/FreeRTOS/Source/tasks.o
 .text.vTaskDelete
                0x0000000008009e90       0xe4 ./Middlewares/Third_Party/FreeRTOS/Source/tasks.o
                0x0000000008009e90                vTaskDelete
 .text.vTaskDelay
                0x0000000008009f74       0x68 ./Middlewares/Third_Party/FreeRTOS/Source/tasks.o
                0x0000000008009f74                vTaskDelay
 .text.vTaskStartScheduler
                0x0000000008009fdc       0xe0 ./Middlewares/Third_Party/FreeRTOS/Source/tasks.o
                0x0000000008009fdc                vTaskStartScheduler
 .text.vTaskSuspendAll
                0x000000000800a0bc       0x1c ./Middlewares/Third_Party/FreeRTOS/Source/tasks.o
                0x000000000800a0bc                vTaskSuspendAll
 .text.xTaskResumeAll
                0x000000000800a0d8      0x13c ./Middlewares/Third_Party/FreeRTOS/Source/tasks.o
                0x000000000800a0d8                xTaskResumeAll
 .text.xTaskGetTickCount
                0x000000000800a214       0x20 ./Middlewares/Third_Party/FreeRTOS/Source/tasks.o
                0x000000000800a214                xTaskGetTickCount
 .text.xTaskIncrementTick
                0x000000000800a234      0x174 ./Middlewares/Third_Party/FreeRTOS/Source/tasks.o
                0x000000000800a234                xTaskIncrementTick
 .text.vTaskSwitchContext
                0x000000000800a3a8       0xc8 ./Middlewares/Third_Party/FreeRTOS/Source/tasks.o
                0x000000000800a3a8                vTaskSwitchContext
 .text.vTaskPlaceOnEventList
                0x000000000800a470       0x48 ./Middlewares/Third_Party/FreeRTOS/Source/tasks.o
                0x000000000800a470                vTaskPlaceOnEventList
 .text.vTaskPlaceOnEventListRestricted
                0x000000000800a4b8       0x58 ./Middlewares/Third_Party/FreeRTOS/Source/tasks.o
                0x000000000800a4b8                vTaskPlaceOnEventListRestricted
 .text.xTaskRemoveFromEventList
                0x000000000800a510       0xc8 ./Middlewares/Third_Party/FreeRTOS/Source/tasks.o
                0x000000000800a510                xTaskRemoveFromEventList
 .text.vTaskInternalSetTimeOutState
                0x000000000800a5d8       0x2c ./Middlewares/Third_Party/FreeRTOS/Source/tasks.o
                0x000000000800a5d8                vTaskInternalSetTimeOutState
 .text.xTaskCheckForTimeOut
                0x000000000800a604       0xc4 ./Middlewares/Third_Party/FreeRTOS/Source/tasks.o
                0x000000000800a604                xTaskCheckForTimeOut
 .text.vTaskMissedYield
                0x000000000800a6c8       0x18 ./Middlewares/Third_Party/FreeRTOS/Source/tasks.o
                0x000000000800a6c8                vTaskMissedYield
 .text.prvIdleTask
                0x000000000800a6e0       0x30 ./Middlewares/Third_Party/FreeRTOS/Source/tasks.o
 .text.prvInitialiseTaskLists
                0x000000000800a710       0x80 ./Middlewares/Third_Party/FreeRTOS/Source/tasks.o
 .text.prvCheckTasksWaitingTermination
                0x000000000800a790       0x5c ./Middlewares/Third_Party/FreeRTOS/Source/tasks.o
 .text.prvDeleteTCB
                0x000000000800a7ec       0x68 ./Middlewares/Third_Party/FreeRTOS/Source/tasks.o
 .text.prvResetNextTaskUnblockTime
                0x000000000800a854       0x40 ./Middlewares/Third_Party/FreeRTOS/Source/tasks.o
 .text.xTaskGetSchedulerState
                0x000000000800a894       0x3c ./Middlewares/Third_Party/FreeRTOS/Source/tasks.o
                0x000000000800a894                xTaskGetSchedulerState
 .text.xTaskPriorityDisinherit
                0x000000000800a8d0       0xdc ./Middlewares/Third_Party/FreeRTOS/Source/tasks.o
                0x000000000800a8d0                xTaskPriorityDisinherit
 .text.xTaskNotifyWait
                0x000000000800a9ac       0xc0 ./Middlewares/Third_Party/FreeRTOS/Source/tasks.o
                0x000000000800a9ac                xTaskNotifyWait
 .text.xTaskGenericNotifyFromISR
                0x000000000800aa6c      0x1c8 ./Middlewares/Third_Party/FreeRTOS/Source/tasks.o
                0x000000000800aa6c                xTaskGenericNotifyFromISR
 .text.prvAddCurrentTaskToDelayedList
                0x000000000800ac34       0xa8 ./Middlewares/Third_Party/FreeRTOS/Source/tasks.o
 .text.xTimerCreateTimerTask
                0x000000000800acdc       0x90 ./Middlewares/Third_Party/FreeRTOS/Source/timers.o
                0x000000000800acdc                xTimerCreateTimerTask
 .text.xTimerGenericCommand
                0x000000000800ad6c       0x9c ./Middlewares/Third_Party/FreeRTOS/Source/timers.o
                0x000000000800ad6c                xTimerGenericCommand
 .text.prvProcessExpiredTimer
                0x000000000800ae08       0x98 ./Middlewares/Third_Party/FreeRTOS/Source/timers.o
 .text.prvTimerTask
                0x000000000800aea0       0x24 ./Middlewares/Third_Party/FreeRTOS/Source/timers.o
 .text.prvProcessTimerOrBlockTask
                0x000000000800aec4       0x9c ./Middlewares/Third_Party/FreeRTOS/Source/timers.o
 .text.prvGetNextExpireTime
                0x000000000800af60       0x48 ./Middlewares/Third_Party/FreeRTOS/Source/timers.o
 .text.prvSampleTimeNow
                0x000000000800afa8       0x40 ./Middlewares/Third_Party/FreeRTOS/Source/timers.o
 .text.prvInsertTimerInActiveList
                0x000000000800afe8       0x84 ./Middlewares/Third_Party/FreeRTOS/Source/timers.o
 .text.prvProcessReceivedCommands
                0x000000000800b06c      0x1c4 ./Middlewares/Third_Party/FreeRTOS/Source/timers.o
 .text.prvSwitchTimerLists
                0x000000000800b230       0xc8 ./Middlewares/Third_Party/FreeRTOS/Source/timers.o
 .text.prvCheckForValidListAndQueue
                0x000000000800b2f8       0x80 ./Middlewares/Third_Party/FreeRTOS/Source/timers.o
 .text.pxPortInitialiseStack
                0x000000000800b378       0x68 ./Middlewares/Third_Party/FreeRTOS/Source/portable/GCC/ARM_CM4F/port.o
                0x000000000800b378                pxPortInitialiseStack
 .text.prvTaskExitError
                0x000000000800b3e0       0x58 ./Middlewares/Third_Party/FreeRTOS/Source/portable/GCC/ARM_CM4F/port.o
 *fill*         0x000000000800b438        0x8 
 .text.SVC_Handler
                0x000000000800b440       0x28 ./Middlewares/Third_Party/FreeRTOS/Source/portable/GCC/ARM_CM4F/port.o
                0x000000000800b440                SVC_Handler
 .text.prvPortStartFirstTask
                0x000000000800b468       0x28 ./Middlewares/Third_Party/FreeRTOS/Source/portable/GCC/ARM_CM4F/port.o
 .text.xPortStartScheduler
                0x000000000800b490      0x144 ./Middlewares/Third_Party/FreeRTOS/Source/portable/GCC/ARM_CM4F/port.o
                0x000000000800b490                xPortStartScheduler
 .text.vPortEnterCritical
                0x000000000800b5d4       0x60 ./Middlewares/Third_Party/FreeRTOS/Source/portable/GCC/ARM_CM4F/port.o
                0x000000000800b5d4                vPortEnterCritical
 .text.vPortExitCritical
                0x000000000800b634       0x54 ./Middlewares/Third_Party/FreeRTOS/Source/portable/GCC/ARM_CM4F/port.o
                0x000000000800b634                vPortExitCritical
 *fill*         0x000000000800b688        0x8 
 .text.PendSV_Handler
                0x000000000800b690       0x68 ./Middlewares/Third_Party/FreeRTOS/Source/portable/GCC/ARM_CM4F/port.o
                0x000000000800b690                PendSV_Handler
 .text.xPortSysTickHandler
                0x000000000800b6f8       0x44 ./Middlewares/Third_Party/FreeRTOS/Source/portable/GCC/ARM_CM4F/port.o
                0x000000000800b6f8                xPortSysTickHandler
 .text.vPortSetupTimerInterrupt
                0x000000000800b73c       0x48 ./Middlewares/Third_Party/FreeRTOS/Source/portable/GCC/ARM_CM4F/port.o
                0x000000000800b73c                vPortSetupTimerInterrupt
 .text.vPortEnableVFP
                0x000000000800b784       0x14 ./Middlewares/Third_Party/FreeRTOS/Source/portable/GCC/ARM_CM4F/port.o
 .text.vPortValidateInterruptPriority
                0x000000000800b798       0x80 ./Middlewares/Third_Party/FreeRTOS/Source/portable/GCC/ARM_CM4F/port.o
                0x000000000800b798                vPortValidateInterruptPriority
 .text.pvPortMalloc
                0x000000000800b818      0x198 ./Middlewares/Third_Party/FreeRTOS/Source/portable/MemMang/heap_4.o
                0x000000000800b818                pvPortMalloc
 .text.vPortFree
                0x000000000800b9b0       0xc4 ./Middlewares/Third_Party/FreeRTOS/Source/portable/MemMang/heap_4.o
                0x000000000800b9b0                vPortFree
 .text.prvHeapInit
                0x000000000800ba74       0xc4 ./Middlewares/Third_Party/FreeRTOS/Source/portable/MemMang/heap_4.o
 .text.prvInsertBlockIntoFreeList
                0x000000000800bb38       0xb4 ./Middlewares/Third_Party/FreeRTOS/Source/portable/MemMang/heap_4.o
 .text.__errno  0x000000000800bbec        0xc c:/st/stm32cubeide_1.10.1/stm32cubeide/plugins/com.st.stm32cube.ide.mcu.externaltools.gnu-tools-for-stm32.10.3-2021.10.win32_1.0.0.202111181127/tools/bin/../lib/gcc/arm-none-eabi/10.3.1/../../../../arm-none-eabi/lib/thumb/v7e-m+fp/hard\libc_nano.a(lib_a-errno.o)
                0x000000000800bbec                __errno
 .text.std      0x000000000800bbf8       0x48 c:/st/stm32cubeide_1.10.1/stm32cubeide/plugins/com.st.stm32cube.ide.mcu.externaltools.gnu-tools-for-stm32.10.3-2021.10.win32_1.0.0.202111181127/tools/bin/../lib/gcc/arm-none-eabi/10.3.1/../../../../arm-none-eabi/lib/thumb/v7e-m+fp/hard\libc_nano.a(lib_a-findfp.o)
 .text._cleanup_r
                0x000000000800bc40        0xc c:/st/stm32cubeide_1.10.1/stm32cubeide/plugins/com.st.stm32cube.ide.mcu.externaltools.gnu-tools-for-stm32.10.3-2021.10.win32_1.0.0.202111181127/tools/bin/../lib/gcc/arm-none-eabi/10.3.1/../../../../arm-none-eabi/lib/thumb/v7e-m+fp/hard\libc_nano.a(lib_a-findfp.o)
                0x000000000800bc40                _cleanup_r
 .text.__sfmoreglue
                0x000000000800bc4c       0x2c c:/st/stm32cubeide_1.10.1/stm32cubeide/plugins/com.st.stm32cube.ide.mcu.externaltools.gnu-tools-for-stm32.10.3-2021.10.win32_1.0.0.202111181127/tools/bin/../lib/gcc/arm-none-eabi/10.3.1/../../../../arm-none-eabi/lib/thumb/v7e-m+fp/hard\libc_nano.a(lib_a-findfp.o)
                0x000000000800bc4c                __sfmoreglue
 .text.__sfp_lock_acquire
                0x000000000800bc78        0xc c:/st/stm32cubeide_1.10.1/stm32cubeide/plugins/com.st.stm32cube.ide.mcu.externaltools.gnu-tools-for-stm32.10.3-2021.10.win32_1.0.0.202111181127/tools/bin/../lib/gcc/arm-none-eabi/10.3.1/../../../../arm-none-eabi/lib/thumb/v7e-m+fp/hard\libc_nano.a(lib_a-findfp.o)
                0x000000000800bc78                __sfp_lock_acquire
 .text.__sfp_lock_release
                0x000000000800bc84        0xc c:/st/stm32cubeide_1.10.1/stm32cubeide/plugins/com.st.stm32cube.ide.mcu.externaltools.gnu-tools-for-stm32.10.3-2021.10.win32_1.0.0.202111181127/tools/bin/../lib/gcc/arm-none-eabi/10.3.1/../../../../arm-none-eabi/lib/thumb/v7e-m+fp/hard\libc_nano.a(lib_a-findfp.o)
                0x000000000800bc84                __sfp_lock_release
 .text.__sinit_lock_acquire
                0x000000000800bc90        0xc c:/st/stm32cubeide_1.10.1/stm32cubeide/plugins/com.st.stm32cube.ide.mcu.externaltools.gnu-tools-for-stm32.10.3-2021.10.win32_1.0.0.202111181127/tools/bin/../lib/gcc/arm-none-eabi/10.3.1/../../../../arm-none-eabi/lib/thumb/v7e-m+fp/hard\libc_nano.a(lib_a-findfp.o)
                0x000000000800bc90                __sinit_lock_acquire
 .text.__sinit_lock_release
                0x000000000800bc9c        0xc c:/st/stm32cubeide_1.10.1/stm32cubeide/plugins/com.st.stm32cube.ide.mcu.externaltools.gnu-tools-for-stm32.10.3-2021.10.win32_1.0.0.202111181127/tools/bin/../lib/gcc/arm-none-eabi/10.3.1/../../../../arm-none-eabi/lib/thumb/v7e-m+fp/hard\libc_nano.a(lib_a-findfp.o)
                0x000000000800bc9c                __sinit_lock_release
 .text.__sinit  0x000000000800bca8       0x70 c:/st/stm32cubeide_1.10.1/stm32cubeide/plugins/com.st.stm32cube.ide.mcu.externaltools.gnu-tools-for-stm32.10.3-2021.10.win32_1.0.0.202111181127/tools/bin/../lib/gcc/arm-none-eabi/10.3.1/../../../../arm-none-eabi/lib/thumb/v7e-m+fp/hard\libc_nano.a(lib_a-findfp.o)
                0x000000000800bca8                __sinit
 .text.__sfp    0x000000000800bd18       0x8c c:/st/stm32cubeide_1.10.1/stm32cubeide/plugins/com.st.stm32cube.ide.mcu.externaltools.gnu-tools-for-stm32.10.3-2021.10.win32_1.0.0.202111181127/tools/bin/../lib/gcc/arm-none-eabi/10.3.1/../../../../arm-none-eabi/lib/thumb/v7e-m+fp/hard\libc_nano.a(lib_a-findfp.o)
                0x000000000800bd18                __sfp
 .text._fwalk_reent
                0x000000000800bda4       0x3e c:/st/stm32cubeide_1.10.1/stm32cubeide/plugins/com.st.stm32cube.ide.mcu.externaltools.gnu-tools-for-stm32.10.3-2021.10.win32_1.0.0.202111181127/tools/bin/../lib/gcc/arm-none-eabi/10.3.1/../../../../arm-none-eabi/lib/thumb/v7e-m+fp/hard\libc_nano.a(lib_a-fwalk.o)
                0x000000000800bda4                _fwalk_reent
 *fill*         0x000000000800bde2        0x2 
 .text.__libc_init_array
                0x000000000800bde4       0x48 c:/st/stm32cubeide_1.10.1/stm32cubeide/plugins/com.st.stm32cube.ide.mcu.externaltools.gnu-tools-for-stm32.10.3-2021.10.win32_1.0.0.202111181127/tools/bin/../lib/gcc/arm-none-eabi/10.3.1/../../../../arm-none-eabi/lib/thumb/v7e-m+fp/hard\libc_nano.a(lib_a-init.o)
                0x000000000800bde4                __libc_init_array
 .text.__retarget_lock_init_recursive
                0x000000000800be2c        0x2 c:/st/stm32cubeide_1.10.1/stm32cubeide/plugins/com.st.stm32cube.ide.mcu.externaltools.gnu-tools-for-stm32.10.3-2021.10.win32_1.0.0.202111181127/tools/bin/../lib/gcc/arm-none-eabi/10.3.1/../../../../arm-none-eabi/lib/thumb/v7e-m+fp/hard\libc_nano.a(lib_a-lock.o)
                0x000000000800be2c                __retarget_lock_init_recursive
 .text.__retarget_lock_acquire_recursive
                0x000000000800be2e        0x2 c:/st/stm32cubeide_1.10.1/stm32cubeide/plugins/com.st.stm32cube.ide.mcu.externaltools.gnu-tools-for-stm32.10.3-2021.10.win32_1.0.0.202111181127/tools/bin/../lib/gcc/arm-none-eabi/10.3.1/../../../../arm-none-eabi/lib/thumb/v7e-m+fp/hard\libc_nano.a(lib_a-lock.o)
                0x000000000800be2e                __retarget_lock_acquire_recursive
 .text.__retarget_lock_release_recursive
                0x000000000800be30        0x2 c:/st/stm32cubeide_1.10.1/stm32cubeide/plugins/com.st.stm32cube.ide.mcu.externaltools.gnu-tools-for-stm32.10.3-2021.10.win32_1.0.0.202111181127/tools/bin/../lib/gcc/arm-none-eabi/10.3.1/../../../../arm-none-eabi/lib/thumb/v7e-m+fp/hard\libc_nano.a(lib_a-lock.o)
                0x000000000800be30                __retarget_lock_release_recursive
 .text.memcpy   0x000000000800be32       0x1c c:/st/stm32cubeide_1.10.1/stm32cubeide/plugins/com.st.stm32cube.ide.mcu.externaltools.gnu-tools-for-stm32.10.3-2021.10.win32_1.0.0.202111181127/tools/bin/../lib/gcc/arm-none-eabi/10.3.1/../../../../arm-none-eabi/lib/thumb/v7e-m+fp/hard\libc_nano.a(lib_a-memcpy-stub.o)
                0x000000000800be32                memcpy
 .text.memset   0x000000000800be4e       0x10 c:/st/stm32cubeide_1.10.1/stm32cubeide/plugins/com.st.stm32cube.ide.mcu.externaltools.gnu-tools-for-stm32.10.3-2021.10.win32_1.0.0.202111181127/tools/bin/../lib/gcc/arm-none-eabi/10.3.1/../../../../arm-none-eabi/lib/thumb/v7e-m+fp/hard\libc_nano.a(lib_a-memset.o)
                0x000000000800be4e                memset
 *fill*         0x000000000800be5e        0x2 
 .text.sbrk_aligned
                0x000000000800be60       0x40 c:/st/stm32cubeide_1.10.1/stm32cubeide/plugins/com.st.stm32cube.ide.mcu.externaltools.gnu-tools-for-stm32.10.3-2021.10.win32_1.0.0.202111181127/tools/bin/../lib/gcc/arm-none-eabi/10.3.1/../../../../arm-none-eabi/lib/thumb/v7e-m+fp/hard\libc_nano.a(lib_a-nano-mallocr.o)
 .text._malloc_r
                0x000000000800bea0       0xe8 c:/st/stm32cubeide_1.10.1/stm32cubeide/plugins/com.st.stm32cube.ide.mcu.externaltools.gnu-tools-for-stm32.10.3-2021.10.win32_1.0.0.202111181127/tools/bin/../lib/gcc/arm-none-eabi/10.3.1/../../../../arm-none-eabi/lib/thumb/v7e-m+fp/hard\libc_nano.a(lib_a-nano-mallocr.o)
                0x000000000800bea0                _malloc_r
 .text.printf   0x000000000800bf88       0x30 c:/st/stm32cubeide_1.10.1/stm32cubeide/plugins/com.st.stm32cube.ide.mcu.externaltools.gnu-tools-for-stm32.10.3-2021.10.win32_1.0.0.202111181127/tools/bin/../lib/gcc/arm-none-eabi/10.3.1/../../../../arm-none-eabi/lib/thumb/v7e-m+fp/hard\libc_nano.a(lib_a-printf.o)
                0x000000000800bf88                iprintf
                0x000000000800bf88                printf
 .text._puts_r  0x000000000800bfb8       0xdc c:/st/stm32cubeide_1.10.1/stm32cubeide/plugins/com.st.stm32cube.ide.mcu.externaltools.gnu-tools-for-stm32.10.3-2021.10.win32_1.0.0.202111181127/tools/bin/../lib/gcc/arm-none-eabi/10.3.1/../../../../arm-none-eabi/lib/thumb/v7e-m+fp/hard\libc_nano.a(lib_a-puts.o)
                0x000000000800bfb8                _puts_r
 .text.puts     0x000000000800c094       0x10 c:/st/stm32cubeide_1.10.1/stm32cubeide/plugins/com.st.stm32cube.ide.mcu.externaltools.gnu-tools-for-stm32.10.3-2021.10.win32_1.0.0.202111181127/tools/bin/../lib/gcc/arm-none-eabi/10.3.1/../../../../arm-none-eabi/lib/thumb/v7e-m+fp/hard\libc_nano.a(lib_a-puts.o)
                0x000000000800c094                puts
 .text.cleanup_glue
                0x000000000800c0a4       0x1a c:/st/stm32cubeide_1.10.1/stm32cubeide/plugins/com.st.stm32cube.ide.mcu.externaltools.gnu-tools-for-stm32.10.3-2021.10.win32_1.0.0.202111181127/tools/bin/../lib/gcc/arm-none-eabi/10.3.1/../../../../arm-none-eabi/lib/thumb/v7e-m+fp/hard\libc_nano.a(lib_a-reent.o)
                0x000000000800c0a4                cleanup_glue
 *fill*         0x000000000800c0be        0x2 
 .text._reclaim_reent
                0x000000000800c0c0       0xb8 c:/st/stm32cubeide_1.10.1/stm32cubeide/plugins/com.st.stm32cube.ide.mcu.externaltools.gnu-tools-for-stm32.10.3-2021.10.win32_1.0.0.202111181127/tools/bin/../lib/gcc/arm-none-eabi/10.3.1/../../../../arm-none-eabi/lib/thumb/v7e-m+fp/hard\libc_nano.a(lib_a-reent.o)
                0x000000000800c0c0                _reclaim_reent
 .text._sbrk_r  0x000000000800c178       0x20 c:/st/stm32cubeide_1.10.1/stm32cubeide/plugins/com.st.stm32cube.ide.mcu.externaltools.gnu-tools-for-stm32.10.3-2021.10.win32_1.0.0.202111181127/tools/bin/../lib/gcc/arm-none-eabi/10.3.1/../../../../arm-none-eabi/lib/thumb/v7e-m+fp/hard\libc_nano.a(lib_a-sbrkr.o)
                0x000000000800c178                _sbrk_r
 .text.setvbuf  0x000000000800c198      0x18c c:/st/stm32cubeide_1.10.1/stm32cubeide/plugins/com.st.stm32cube.ide.mcu.externaltools.gnu-tools-for-stm32.10.3-2021.10.win32_1.0.0.202111181127/tools/bin/../lib/gcc/arm-none-eabi/10.3.1/../../../../arm-none-eabi/lib/thumb/v7e-m+fp/hard\libc_nano.a(lib_a-setvbuf.o)
                0x000000000800c198                setvbuf
 .text.sprintf  0x000000000800c324       0x40 c:/st/stm32cubeide_1.10.1/stm32cubeide/plugins/com.st.stm32cube.ide.mcu.externaltools.gnu-tools-for-stm32.10.3-2021.10.win32_1.0.0.202111181127/tools/bin/../lib/gcc/arm-none-eabi/10.3.1/../../../../arm-none-eabi/lib/thumb/v7e-m+fp/hard\libc_nano.a(lib_a-sprintf.o)
                0x000000000800c324                siprintf
                0x000000000800c324                sprintf
 .text.__sread  0x000000000800c364       0x22 c:/st/stm32cubeide_1.10.1/stm32cubeide/plugins/com.st.stm32cube.ide.mcu.externaltools.gnu-tools-for-stm32.10.3-2021.10.win32_1.0.0.202111181127/tools/bin/../lib/gcc/arm-none-eabi/10.3.1/../../../../arm-none-eabi/lib/thumb/v7e-m+fp/hard\libc_nano.a(lib_a-stdio.o)
                0x000000000800c364                __sread
 .text.__swrite
                0x000000000800c386       0x38 c:/st/stm32cubeide_1.10.1/stm32cubeide/plugins/com.st.stm32cube.ide.mcu.externaltools.gnu-tools-for-stm32.10.3-2021.10.win32_1.0.0.202111181127/tools/bin/../lib/gcc/arm-none-eabi/10.3.1/../../../../arm-none-eabi/lib/thumb/v7e-m+fp/hard\libc_nano.a(lib_a-stdio.o)
                0x000000000800c386                __swrite
 .text.__sseek  0x000000000800c3be       0x24 c:/st/stm32cubeide_1.10.1/stm32cubeide/plugins/com.st.stm32cube.ide.mcu.externaltools.gnu-tools-for-stm32.10.3-2021.10.win32_1.0.0.202111181127/tools/bin/../lib/gcc/arm-none-eabi/10.3.1/../../../../arm-none-eabi/lib/thumb/v7e-m+fp/hard\libc_nano.a(lib_a-stdio.o)
                0x000000000800c3be                __sseek
 .text.__sclose
                0x000000000800c3e2        0x8 c:/st/stm32cubeide_1.10.1/stm32cubeide/plugins/com.st.stm32cube.ide.mcu.externaltools.gnu-tools-for-stm32.10.3-2021.10.win32_1.0.0.202111181127/tools/bin/../lib/gcc/arm-none-eabi/10.3.1/../../../../arm-none-eabi/lib/thumb/v7e-m+fp/hard\libc_nano.a(lib_a-stdio.o)
                0x000000000800c3e2                __sclose
 *fill*         0x000000000800c3ea        0x2 
 .text.__swbuf_r
                0x000000000800c3ec       0xa4 c:/st/stm32cubeide_1.10.1/stm32cubeide/plugins/com.st.stm32cube.ide.mcu.externaltools.gnu-tools-for-stm32.10.3-2021.10.win32_1.0.0.202111181127/tools/bin/../lib/gcc/arm-none-eabi/10.3.1/../../../../arm-none-eabi/lib/thumb/v7e-m+fp/hard\libc_nano.a(lib_a-wbuf.o)
                0x000000000800c3ec                __swbuf_r
 .text._write_r
                0x000000000800c490       0x24 c:/st/stm32cubeide_1.10.1/stm32cubeide/plugins/com.st.stm32cube.ide.mcu.externaltools.gnu-tools-for-stm32.10.3-2021.10.win32_1.0.0.202111181127/tools/bin/../lib/gcc/arm-none-eabi/10.3.1/../../../../arm-none-eabi/lib/thumb/v7e-m+fp/hard\libc_nano.a(lib_a-writer.o)
                0x000000000800c490                _write_r
 .text.__swsetup_r
                0x000000000800c4b4       0xdc c:/st/stm32cubeide_1.10.1/stm32cubeide/plugins/com.st.stm32cube.ide.mcu.externaltools.gnu-tools-for-stm32.10.3-2021.10.win32_1.0.0.202111181127/tools/bin/../lib/gcc/arm-none-eabi/10.3.1/../../../../arm-none-eabi/lib/thumb/v7e-m+fp/hard\libc_nano.a(lib_a-wsetup.o)
                0x000000000800c4b4                __swsetup_r
 .text._close_r
                0x000000000800c590       0x20 c:/st/stm32cubeide_1.10.1/stm32cubeide/plugins/com.st.stm32cube.ide.mcu.externaltools.gnu-tools-for-stm32.10.3-2021.10.win32_1.0.0.202111181127/tools/bin/../lib/gcc/arm-none-eabi/10.3.1/../../../../arm-none-eabi/lib/thumb/v7e-m+fp/hard\libc_nano.a(lib_a-closer.o)
                0x000000000800c590                _close_r
 .text.__sflush_r
                0x000000000800c5b0      0x10c c:/st/stm32cubeide_1.10.1/stm32cubeide/plugins/com.st.stm32cube.ide.mcu.externaltools.gnu-tools-for-stm32.10.3-2021.10.win32_1.0.0.202111181127/tools/bin/../lib/gcc/arm-none-eabi/10.3.1/../../../../arm-none-eabi/lib/thumb/v7e-m+fp/hard\libc_nano.a(lib_a-fflush.o)
                0x000000000800c5b0                __sflush_r
 .text._fflush_r
                0x000000000800c6bc       0x78 c:/st/stm32cubeide_1.10.1/stm32cubeide/plugins/com.st.stm32cube.ide.mcu.externaltools.gnu-tools-for-stm32.10.3-2021.10.win32_1.0.0.202111181127/tools/bin/../lib/gcc/arm-none-eabi/10.3.1/../../../../arm-none-eabi/lib/thumb/v7e-m+fp/hard\libc_nano.a(lib_a-fflush.o)
                0x000000000800c6bc                _fflush_r
 .text._lseek_r
                0x000000000800c734       0x24 c:/st/stm32cubeide_1.10.1/stm32cubeide/plugins/com.st.stm32cube.ide.mcu.externaltools.gnu-tools-for-stm32.10.3-2021.10.win32_1.0.0.202111181127/tools/bin/../lib/gcc/arm-none-eabi/10.3.1/../../../../arm-none-eabi/lib/thumb/v7e-m+fp/hard\libc_nano.a(lib_a-lseekr.o)
                0x000000000800c734                _lseek_r
 .text.__swhatbuf_r
                0x000000000800c758       0x4a c:/st/stm32cubeide_1.10.1/stm32cubeide/plugins/com.st.stm32cube.ide.mcu.externaltools.gnu-tools-for-stm32.10.3-2021.10.win32_1.0.0.202111181127/tools/bin/../lib/gcc/arm-none-eabi/10.3.1/../../../../arm-none-eabi/lib/thumb/v7e-m+fp/hard\libc_nano.a(lib_a-makebuf.o)
                0x000000000800c758                __swhatbuf_r
 *fill*         0x000000000800c7a2        0x2 
 .text.__smakebuf_r
                0x000000000800c7a4       0x80 c:/st/stm32cubeide_1.10.1/stm32cubeide/plugins/com.st.stm32cube.ide.mcu.externaltools.gnu-tools-for-stm32.10.3-2021.10.win32_1.0.0.202111181127/tools/bin/../lib/gcc/arm-none-eabi/10.3.1/../../../../arm-none-eabi/lib/thumb/v7e-m+fp/hard\libc_nano.a(lib_a-makebuf.o)
                0x000000000800c7a4                __smakebuf_r
 .text.malloc   0x000000000800c824       0x10 c:/st/stm32cubeide_1.10.1/stm32cubeide/plugins/com.st.stm32cube.ide.mcu.externaltools.gnu-tools-for-stm32.10.3-2021.10.win32_1.0.0.202111181127/tools/bin/../lib/gcc/arm-none-eabi/10.3.1/../../../../arm-none-eabi/lib/thumb/v7e-m+fp/hard\libc_nano.a(lib_a-malloc.o)
                0x000000000800c824                malloc
 .text.__malloc_lock
                0x000000000800c834        0xc c:/st/stm32cubeide_1.10.1/stm32cubeide/plugins/com.st.stm32cube.ide.mcu.externaltools.gnu-tools-for-stm32.10.3-2021.10.win32_1.0.0.202111181127/tools/bin/../lib/gcc/arm-none-eabi/10.3.1/../../../../arm-none-eabi/lib/thumb/v7e-m+fp/hard\libc_nano.a(lib_a-mlock.o)
                0x000000000800c834                __malloc_lock
 .text.__malloc_unlock
                0x000000000800c840        0xc c:/st/stm32cubeide_1.10.1/stm32cubeide/plugins/com.st.stm32cube.ide.mcu.externaltools.gnu-tools-for-stm32.10.3-2021.10.win32_1.0.0.202111181127/tools/bin/../lib/gcc/arm-none-eabi/10.3.1/../../../../arm-none-eabi/lib/thumb/v7e-m+fp/hard\libc_nano.a(lib_a-mlock.o)
                0x000000000800c840                __malloc_unlock
 .text._free_r  0x000000000800c84c       0x98 c:/st/stm32cubeide_1.10.1/stm32cubeide/plugins/com.st.stm32cube.ide.mcu.externaltools.gnu-tools-for-stm32.10.3-2021.10.win32_1.0.0.202111181127/tools/bin/../lib/gcc/arm-none-eabi/10.3.1/../../../../arm-none-eabi/lib/thumb/v7e-m+fp/hard\libc_nano.a(lib_a-nano-freer.o)
                0x000000000800c84c                _free_r
 .text.__ssputs_r
                0x000000000800c8e4       0xb6 c:/st/stm32cubeide_1.10.1/stm32cubeide/plugins/com.st.stm32cube.ide.mcu.externaltools.gnu-tools-for-stm32.10.3-2021.10.win32_1.0.0.202111181127/tools/bin/../lib/gcc/arm-none-eabi/10.3.1/../../../../arm-none-eabi/lib/thumb/v7e-m+fp/hard\libc_nano.a(lib_a-nano-svfprintf.o)
                0x000000000800c8e4                __ssputs_r
 *fill*         0x000000000800c99a        0x2 
 .text._svfprintf_r
                0x000000000800c99c      0x200 c:/st/stm32cubeide_1.10.1/stm32cubeide/plugins/com.st.stm32cube.ide.mcu.externaltools.gnu-tools-for-stm32.10.3-2021.10.win32_1.0.0.202111181127/tools/bin/../lib/gcc/arm-none-eabi/10.3.1/../../../../arm-none-eabi/lib/thumb/v7e-m+fp/hard\libc_nano.a(lib_a-nano-svfprintf.o)
                0x000000000800c99c                _svfiprintf_r
                0x000000000800c99c                _svfprintf_r
 .text.__sfputc_r
                0x000000000800cb9c       0x2e c:/st/stm32cubeide_1.10.1/stm32cubeide/plugins/com.st.stm32cube.ide.mcu.externaltools.gnu-tools-for-stm32.10.3-2021.10.win32_1.0.0.202111181127/tools/bin/../lib/gcc/arm-none-eabi/10.3.1/../../../../arm-none-eabi/lib/thumb/v7e-m+fp/hard\libc_nano.a(lib_a-nano-vfprintf.o)
 .text.__sfputs_r
                0x000000000800cbca       0x24 c:/st/stm32cubeide_1.10.1/stm32cubeide/plugins/com.st.stm32cube.ide.mcu.externaltools.gnu-tools-for-stm32.10.3-2021.10.win32_1.0.0.202111181127/tools/bin/../lib/gcc/arm-none-eabi/10.3.1/../../../../arm-none-eabi/lib/thumb/v7e-m+fp/hard\libc_nano.a(lib_a-nano-vfprintf.o)
                0x000000000800cbca                __sfputs_r
 *fill*         0x000000000800cbee        0x2 
 .text._vfprintf_r
                0x000000000800cbf0      0x260 c:/st/stm32cubeide_1.10.1/stm32cubeide/plugins/com.st.stm32cube.ide.mcu.externaltools.gnu-tools-for-stm32.10.3-2021.10.win32_1.0.0.202111181127/tools/bin/../lib/gcc/arm-none-eabi/10.3.1/../../../../arm-none-eabi/lib/thumb/v7e-m+fp/hard\libc_nano.a(lib_a-nano-vfprintf.o)
                0x000000000800cbf0                _vfprintf_r
                0x000000000800cbf0                _vfiprintf_r
 .text._printf_common
                0x000000000800ce50       0xda c:/st/stm32cubeide_1.10.1/stm32cubeide/plugins/com.st.stm32cube.ide.mcu.externaltools.gnu-tools-for-stm32.10.3-2021.10.win32_1.0.0.202111181127/tools/bin/../lib/gcc/arm-none-eabi/10.3.1/../../../../arm-none-eabi/lib/thumb/v7e-m+fp/hard\libc_nano.a(lib_a-nano-vfprintf_i.o)
                0x000000000800ce50                _printf_common
 *fill*         0x000000000800cf2a        0x2 
 .text._printf_i
                0x000000000800cf2c      0x24c c:/st/stm32cubeide_1.10.1/stm32cubeide/plugins/com.st.stm32cube.ide.mcu.externaltools.gnu-tools-for-stm32.10.3-2021.10.win32_1.0.0.202111181127/tools/bin/../lib/gcc/arm-none-eabi/10.3.1/../../../../arm-none-eabi/lib/thumb/v7e-m+fp/hard\libc_nano.a(lib_a-nano-vfprintf_i.o)
                0x000000000800cf2c                _printf_i
 .text._read_r  0x000000000800d178       0x24 c:/st/stm32cubeide_1.10.1/stm32cubeide/plugins/com.st.stm32cube.ide.mcu.externaltools.gnu-tools-for-stm32.10.3-2021.10.win32_1.0.0.202111181127/tools/bin/../lib/gcc/arm-none-eabi/10.3.1/../../../../arm-none-eabi/lib/thumb/v7e-m+fp/hard\libc_nano.a(lib_a-readr.o)
                0x000000000800d178                _read_r
 .text._fstat_r
                0x000000000800d19c       0x24 c:/st/stm32cubeide_1.10.1/stm32cubeide/plugins/com.st.stm32cube.ide.mcu.externaltools.gnu-tools-for-stm32.10.3-2021.10.win32_1.0.0.202111181127/tools/bin/../lib/gcc/arm-none-eabi/10.3.1/../../../../arm-none-eabi/lib/thumb/v7e-m+fp/hard\libc_nano.a(lib_a-fstatr.o)
                0x000000000800d19c                _fstat_r
 .text._isatty_r
                0x000000000800d1c0       0x20 c:/st/stm32cubeide_1.10.1/stm32cubeide/plugins/com.st.stm32cube.ide.mcu.externaltools.gnu-tools-for-stm32.10.3-2021.10.win32_1.0.0.202111181127/tools/bin/../lib/gcc/arm-none-eabi/10.3.1/../../../../arm-none-eabi/lib/thumb/v7e-m+fp/hard\libc_nano.a(lib_a-isattyr.o)
                0x000000000800d1c0                _isatty_r
 .text.memmove  0x000000000800d1e0       0x34 c:/st/stm32cubeide_1.10.1/stm32cubeide/plugins/com.st.stm32cube.ide.mcu.externaltools.gnu-tools-for-stm32.10.3-2021.10.win32_1.0.0.202111181127/tools/bin/../lib/gcc/arm-none-eabi/10.3.1/../../../../arm-none-eabi/lib/thumb/v7e-m+fp/hard\libc_nano.a(lib_a-memmove.o)
                0x000000000800d1e0                memmove
 .text._realloc_r
                0x000000000800d214       0x5e c:/st/stm32cubeide_1.10.1/stm32cubeide/plugins/com.st.stm32cube.ide.mcu.externaltools.gnu-tools-for-stm32.10.3-2021.10.win32_1.0.0.202111181127/tools/bin/../lib/gcc/arm-none-eabi/10.3.1/../../../../arm-none-eabi/lib/thumb/v7e-m+fp/hard\libc_nano.a(lib_a-nano-reallocr.o)
                0x000000000800d214                _realloc_r
 .text._malloc_usable_size_r
                0x000000000800d272       0x10 c:/st/stm32cubeide_1.10.1/stm32cubeide/plugins/com.st.stm32cube.ide.mcu.externaltools.gnu-tools-for-stm32.10.3-2021.10.win32_1.0.0.202111181127/tools/bin/../lib/gcc/arm-none-eabi/10.3.1/../../../../arm-none-eabi/lib/thumb/v7e-m+fp/hard\libc_nano.a(lib_a-nano-msizer.o)
                0x000000000800d272                _malloc_usable_size_r
 .text.atan2f   0x000000000800d282        0x4 c:/st/stm32cubeide_1.10.1/stm32cubeide/plugins/com.st.stm32cube.ide.mcu.externaltools.gnu-tools-for-stm32.10.3-2021.10.win32_1.0.0.202111181127/tools/bin/../lib/gcc/arm-none-eabi/10.3.1/../../../../arm-none-eabi/lib/thumb/v7e-m+fp/hard\libm.a(lib_a-wf_atan2.o)
                0x000000000800d282                atan2f
 *fill*         0x000000000800d286        0x2 
 .text.sqrtf    0x000000000800d288       0x3c c:/st/stm32cubeide_1.10.1/stm32cubeide/plugins/com.st.stm32cube.ide.mcu.externaltools.gnu-tools-for-stm32.10.3-2021.10.win32_1.0.0.202111181127/tools/bin/../lib/gcc/arm-none-eabi/10.3.1/../../../../arm-none-eabi/lib/thumb/v7e-m+fp/hard\libm.a(lib_a-wf_sqrt.o)
                0x000000000800d288                sqrtf
 .text.__ieee754_atan2f
                0x000000000800d2c4      0x140 c:/st/stm32cubeide_1.10.1/stm32cubeide/plugins/com.st.stm32cube.ide.mcu.externaltools.gnu-tools-for-stm32.10.3-2021.10.win32_1.0.0.202111181127/tools/bin/../lib/gcc/arm-none-eabi/10.3.1/../../../../arm-none-eabi/lib/thumb/v7e-m+fp/hard\libm.a(lib_a-ef_atan2.o)
                0x000000000800d2c4                __ieee754_atan2f
 .text.__ieee754_sqrtf
                0x000000000800d404        0x6 c:/st/stm32cubeide_1.10.1/stm32cubeide/plugins/com.st.stm32cube.ide.mcu.externaltools.gnu-tools-for-stm32.10.3-2021.10.win32_1.0.0.202111181127/tools/bin/../lib/gcc/arm-none-eabi/10.3.1/../../../../arm-none-eabi/lib/thumb/v7e-m+fp/hard\libm.a(lib_a-ef_sqrt.o)
                0x000000000800d404                __ieee754_sqrtf
 *fill*         0x000000000800d40a        0x2 
 .text.atanf    0x000000000800d40c      0x1a8 c:/st/stm32cubeide_1.10.1/stm32cubeide/plugins/com.st.stm32cube.ide.mcu.externaltools.gnu-tools-for-stm32.10.3-2021.10.win32_1.0.0.202111181127/tools/bin/../lib/gcc/arm-none-eabi/10.3.1/../../../../arm-none-eabi/lib/thumb/v7e-m+fp/hard\libm.a(lib_a-sf_atan.o)
                0x000000000800d40c                atanf
 .text.fabsf    0x000000000800d5b4        0xe c:/st/stm32cubeide_1.10.1/stm32cubeide/plugins/com.st.stm32cube.ide.mcu.externaltools.gnu-tools-for-stm32.10.3-2021.10.win32_1.0.0.202111181127/tools/bin/../lib/gcc/arm-none-eabi/10.3.1/../../../../arm-none-eabi/lib/thumb/v7e-m+fp/hard\libm.a(lib_a-sf_fabs.o)
                0x000000000800d5b4                fabsf
 *(.glue_7)
 .glue_7        0x000000000800d5c2        0x0 linker stubs
 *(.glue_7t)
 .glue_7t       0x000000000800d5c2        0x0 linker stubs
 *(.eh_frame)
 *fill*         0x000000000800d5c2        0x2 
 .eh_frame      0x000000000800d5c4        0x0 c:/st/stm32cubeide_1.10.1/stm32cubeide/plugins/com.st.stm32cube.ide.mcu.externaltools.gnu-tools-for-stm32.10.3-2021.10.win32_1.0.0.202111181127/tools/bin/../lib/gcc/arm-none-eabi/10.3.1/thumb/v7e-m+fp/hard/crtbegin.o
 *(.init)
 .init          0x000000000800d5c4        0x4 c:/st/stm32cubeide_1.10.1/stm32cubeide/plugins/com.st.stm32cube.ide.mcu.externaltools.gnu-tools-for-stm32.10.3-2021.10.win32_1.0.0.202111181127/tools/bin/../lib/gcc/arm-none-eabi/10.3.1/thumb/v7e-m+fp/hard/crti.o
                0x000000000800d5c4                _init
 .init          0x000000000800d5c8        0x8 c:/st/stm32cubeide_1.10.1/stm32cubeide/plugins/com.st.stm32cube.ide.mcu.externaltools.gnu-tools-for-stm32.10.3-2021.10.win32_1.0.0.202111181127/tools/bin/../lib/gcc/arm-none-eabi/10.3.1/thumb/v7e-m+fp/hard/crtn.o
 *(.fini)
 .fini          0x000000000800d5d0        0x4 c:/st/stm32cubeide_1.10.1/stm32cubeide/plugins/com.st.stm32cube.ide.mcu.externaltools.gnu-tools-for-stm32.10.3-2021.10.win32_1.0.0.202111181127/tools/bin/../lib/gcc/arm-none-eabi/10.3.1/thumb/v7e-m+fp/hard/crti.o
                0x000000000800d5d0                _fini
 .fini          0x000000000800d5d4        0x8 c:/st/stm32cubeide_1.10.1/stm32cubeide/plugins/com.st.stm32cube.ide.mcu.externaltools.gnu-tools-for-stm32.10.3-2021.10.win32_1.0.0.202111181127/tools/bin/../lib/gcc/arm-none-eabi/10.3.1/thumb/v7e-m+fp/hard/crtn.o
                0x000000000800d5dc                . = ALIGN (0x4)
                0x000000000800d5dc                _etext = .

.vfp11_veneer   0x000000000800d5dc        0x0
 .vfp11_veneer  0x000000000800d5dc        0x0 linker stubs

.v4_bx          0x000000000800d5dc        0x0
 .v4_bx         0x000000000800d5dc        0x0 linker stubs

.iplt           0x000000000800d5dc        0x0
 .iplt          0x000000000800d5dc        0x0 c:/st/stm32cubeide_1.10.1/stm32cubeide/plugins/com.st.stm32cube.ide.mcu.externaltools.gnu-tools-for-stm32.10.3-2021.10.win32_1.0.0.202111181127/tools/bin/../lib/gcc/arm-none-eabi/10.3.1/thumb/v7e-m+fp/hard/crtbegin.o

.rodata         0x000000000800d5e0      0x488
                0x000000000800d5e0                . = ALIGN (0x4)
 *(.rodata)
 .rodata        0x000000000800d5e0       0x1d ./Core/Src/ATcommands.o
 *fill*         0x000000000800d5fd        0x3 
 .rodata        0x000000000800d600       0x93 ./Core/Src/freertos.o
 *fill*         0x000000000800d693        0x1 
 .rodata        0x000000000800d694       0xc7 ./Core/Src/mpu9dof.o
 *fill*         0x000000000800d75b        0x1 
 .rodata        0x000000000800d75c       0x26 ./Core/Src/printf.o
 *fill*         0x000000000800d782        0x2 
 .rodata        0x000000000800d784       0x83 ./Core/Src/wifiClick.o
 *fill*         0x000000000800d807        0x1 
 .rodata        0x000000000800d808        0x5 ./Middlewares/Third_Party/FreeRTOS/Source/tasks.o
 *fill*         0x000000000800d80d        0x3 
 .rodata        0x000000000800d810        0xd ./Middlewares/Third_Party/FreeRTOS/Source/timers.o
 *(.rodata*)
 .rodata.GYRO   0x000000000800d81d        0x1 ./Core/Src/freertos.o
                0x000000000800d81d                GYRO
 .rodata.ACCEL  0x000000000800d81e        0x1 ./Core/Src/freertos.o
                0x000000000800d81e                ACCEL
 *fill*         0x000000000800d81f        0x1 
 .rodata.readDataTask_attributes
                0x000000000800d820       0x24 ./Core/Src/freertos.o
                0x000000000800d820                readDataTask_attributes
 .rodata.sendDataTask_attributes
                0x000000000800d844       0x24 ./Core/Src/freertos.o
                0x000000000800d844                sendDataTask_attributes
 .rodata.startWifiClickT_attributes
                0x000000000800d868       0x24 ./Core/Src/freertos.o
                0x000000000800d868                startWifiClickT_attributes
 .rodata.reportDataQueue_attributes
                0x000000000800d88c       0x18 ./Core/Src/freertos.o
                0x000000000800d88c                reportDataQueue_attributes
 .rodata.MPU9DOF_BIT_H_RESET
                0x000000000800d8a4        0x1 ./Core/Src/mpu9dof.o
                0x000000000800d8a4                MPU9DOF_BIT_H_RESET
 .rodata.MPU9DOF_DEFAULT
                0x000000000800d8a5        0x1 ./Core/Src/mpu9dof.o
                0x000000000800d8a5                MPU9DOF_DEFAULT
 .rodata.MPU9DOF_BITS_DLPF_CFG_42HZ
                0x000000000800d8a6        0x1 ./Core/Src/mpu9dof.o
                0x000000000800d8a6                MPU9DOF_BITS_DLPF_CFG_42HZ
 .rodata.MPU9DOF_BIT_FIFO_DIS
                0x000000000800d8a7        0x1 ./Core/Src/mpu9dof.o
                0x000000000800d8a7                MPU9DOF_BIT_FIFO_DIS
 .rodata.MPU9DOF_BIT_INT_PIN_CFG
                0x000000000800d8a8        0x1 ./Core/Src/mpu9dof.o
                0x000000000800d8a8                MPU9DOF_BIT_INT_PIN_CFG
 .rodata.MPU9DOF_SMPLRT_DIV
                0x000000000800d8a9        0x1 ./Core/Src/mpu9dof.o
                0x000000000800d8a9                MPU9DOF_SMPLRT_DIV
 .rodata.MPU9DOF_CONFIG
                0x000000000800d8aa        0x1 ./Core/Src/mpu9dof.o
                0x000000000800d8aa                MPU9DOF_CONFIG
 .rodata.MPU9DOF_GYRO_CONFIG
                0x000000000800d8ab        0x1 ./Core/Src/mpu9dof.o
                0x000000000800d8ab                MPU9DOF_GYRO_CONFIG
 .rodata.MPU9DOF_ACCEL_CONFIG
                0x000000000800d8ac        0x1 ./Core/Src/mpu9dof.o
                0x000000000800d8ac                MPU9DOF_ACCEL_CONFIG
 .rodata.MPU9DOF_FIFO_EN
                0x000000000800d8ad        0x1 ./Core/Src/mpu9dof.o
                0x000000000800d8ad                MPU9DOF_FIFO_EN
 .rodata.MPU9DOF_INT_PIN_CFG
                0x000000000800d8ae        0x1 ./Core/Src/mpu9dof.o
                0x000000000800d8ae                MPU9DOF_INT_PIN_CFG
 .rodata.MPU9DOF_INT_ENABLE
                0x000000000800d8af        0x1 ./Core/Src/mpu9dof.o
                0x000000000800d8af                MPU9DOF_INT_ENABLE
 .rodata.MPU9DOF_USER_CTRL
                0x000000000800d8b0        0x1 ./Core/Src/mpu9dof.o
                0x000000000800d8b0                MPU9DOF_USER_CTRL
 .rodata.MPU9DOF_PWR_MGMT_1
                0x000000000800d8b1        0x1 ./Core/Src/mpu9dof.o
                0x000000000800d8b1                MPU9DOF_PWR_MGMT_1
 .rodata.MPU9DOF_PWR_MGMT_2
                0x000000000800d8b2        0x1 ./Core/Src/mpu9dof.o
                0x000000000800d8b2                MPU9DOF_PWR_MGMT_2
 .rodata.MPU9DOF_BITS_FS_250DPS
                0x000000000800d8b3        0x1 ./Core/Src/mpu9dof.o
                0x000000000800d8b3                MPU9DOF_BITS_FS_250DPS
 .rodata.MPU9DOF_BITS_AFSL_SEL_8G
                0x000000000800d8b4        0x1 ./Core/Src/mpu9dof.o
                0x000000000800d8b4                MPU9DOF_BITS_AFSL_SEL_8G
 .rodata.MPU9DOF_GYRO_XOUT_H
                0x000000000800d8b5        0x1 ./Core/Src/mpu9dof.o
                0x000000000800d8b5                MPU9DOF_GYRO_XOUT_H
 .rodata.MPU9DOF_GYRO_YOUT_H
                0x000000000800d8b6        0x1 ./Core/Src/mpu9dof.o
                0x000000000800d8b6                MPU9DOF_GYRO_YOUT_H
 .rodata.MPU9DOF_GYRO_ZOUT_H
                0x000000000800d8b7        0x1 ./Core/Src/mpu9dof.o
                0x000000000800d8b7                MPU9DOF_GYRO_ZOUT_H
 .rodata.MPU9DOF_ACCEL_XOUT_H
                0x000000000800d8b8        0x1 ./Core/Src/mpu9dof.o
                0x000000000800d8b8                MPU9DOF_ACCEL_XOUT_H
 .rodata.MPU9DOF_ACCEL_YOUT_H
                0x000000000800d8b9        0x1 ./Core/Src/mpu9dof.o
                0x000000000800d8b9                MPU9DOF_ACCEL_YOUT_H
 .rodata.MPU9DOF_ACCEL_ZOUT_H
                0x000000000800d8ba        0x1 ./Core/Src/mpu9dof.o
                0x000000000800d8ba                MPU9DOF_ACCEL_ZOUT_H
 *fill*         0x000000000800d8bb        0x5 
 .rodata.powers_of_10
                0x000000000800d8c0       0x90 ./Core/Src/printf.o
 .rodata.AHBPrescTable
                0x000000000800d950       0x10 ./Core/Src/system_stm32l4xx.o
                0x000000000800d950                AHBPrescTable
 .rodata.APBPrescTable
                0x000000000800d960        0x8 ./Core/Src/system_stm32l4xx.o
                0x000000000800d960                APBPrescTable
 .rodata.MSIRangeTable
                0x000000000800d968       0x30 ./Core/Src/system_stm32l4xx.o
                0x000000000800d968                MSIRangeTable
 .rodata.__sf_fake_stderr
                0x000000000800d998       0x20 c:/st/stm32cubeide_1.10.1/stm32cubeide/plugins/com.st.stm32cube.ide.mcu.externaltools.gnu-tools-for-stm32.10.3-2021.10.win32_1.0.0.202111181127/tools/bin/../lib/gcc/arm-none-eabi/10.3.1/../../../../arm-none-eabi/lib/thumb/v7e-m+fp/hard\libc_nano.a(lib_a-findfp.o)
                0x000000000800d998                __sf_fake_stderr
 .rodata.__sf_fake_stdin
                0x000000000800d9b8       0x20 c:/st/stm32cubeide_1.10.1/stm32cubeide/plugins/com.st.stm32cube.ide.mcu.externaltools.gnu-tools-for-stm32.10.3-2021.10.win32_1.0.0.202111181127/tools/bin/../lib/gcc/arm-none-eabi/10.3.1/../../../../arm-none-eabi/lib/thumb/v7e-m+fp/hard\libc_nano.a(lib_a-findfp.o)
                0x000000000800d9b8                __sf_fake_stdin
 .rodata.__sf_fake_stdout