../Core/Src/main.c:76:5:main	8	static
../Core/Src/main.c:120:6:StartConServerTask	16	static
../Core/Src/main.c:139:6:StartOutputDataTask	24	static
../Core/Src/main.c:182:6:Error_Handler	4	static,ignoring_inline_asm
../Core/Src/main.c:197:6:HAL_TIM_PWM_PulseFinishedCallback	16	static
../Core/Src/main.c:207:6:newDataTimerCallback	16	static
../Core/Src/main.c:218:6:SystemClock_Config	96	static
../Core/Src/main.c:256:13:MX_TIM1_Init	96	static
../Core/Src/main.c:310:13:MX_USART2_UART_Init	8	static
../Core/Src/main.c:328:13:MX_DMA_Init	16	static
../Core/Src/main.c:336:13:MX_GPIO_Init	40	static
../Core/Src/main.c:352:6:HAL_TIM_PeriodElapsedCallback	16	static
