../Core/Src/main.c:104:5:main	8	static
../Core/Src/main.c:193:6:SystemClock_Config	96	static
../Core/Src/main.c:254:13:MX_TIM1_Init	96	static
../Core/Src/main.c:324:13:MX_USART2_UART_Init	8	static
../Core/Src/main.c:357:13:MX_DMA_Init	16	static
../Core/Src/main.c:375:13:MX_GPIO_Init	40	static
../Core/Src/main.c:402:6:HAL_TIM_PWM_PulseFinishedCallback	16	static
../Core/Src/main.c:416:6:StartConServerTask	16	static
../Core/Src/main.c:434:6:StartCheckRGBTask	16	static
../Core/Src/main.c:452:6:StartGetValuesTask	16	static
../Core/Src/main.c:475:6:HAL_TIM_PeriodElapsedCallback	16	static
../Core/Src/main.c:492:6:Error_Handler	4	static,ignoring_inline_asm
