../Core/Src/printf.c:268:38:get_bit_access	32	static
../Core/Src/printf.c:275:19:get_sign_bit	24	static
../Core/Src/printf.c:318:20:putchar_via_gadget	24	static
../Core/Src/printf.c:338:20:append_termination_with_gadget	24	static
../Core/Src/printf.c:352:20:putchar_wrapper	16	static
../Core/Src/printf.c:358:31:discarding_gadget	48	static
../Core/Src/printf.c:369:31:buffer_gadget	56	static
../Core/Src/printf.c:381:31:function_gadget	56	static
../Core/Src/printf.c:390:31:extern_putchar_gadget	16	static
../Core/Src/printf.c:399:29:strnlen_s_	24	static
../Core/Src/printf.c:409:20:is_digit_	16	static
../Core/Src/printf.c:416:22:atou_	24	static
../Core/Src/printf.c:427:13:out_rev_	32	static
../Core/Src/printf.c:454:13:print_integer_finalization	40	static
../Core/Src/printf.c:521:13:print_integer	80	static
../Core/Src/printf.c:576:33:get_components	120	static
../Core/Src/printf.c:700:13:print_broken_up_decimal	32	static
../Core/Src/printf.c:783:13:print_decimal_number	88	static
../Core/Src/printf.c:967:13:print_floating_point	80	static
../Core/Src/printf.c:1020:23:parse_flags	24	static
../Core/Src/printf.c:1035:20:format_string_loop	96	static
../Core/Src/printf.c:1348:12:vsnprintf_impl	24	static
../Core/Src/printf.c:1363:5:vprintf_	40	static
../Core/Src/printf.c:1369:5:vsnprintf_	48	static
../Core/Src/printf.c:1375:5:vsprintf_	24	static
../Core/Src/printf.c:1380:5:vfctprintf	48	static
../Core/Src/printf.c:1386:5:printf_	16	static
../Core/Src/printf.c:1395:5:sprintf_	28	static
../Core/Src/printf.c:1404:5:snprintf_	24	static
../Core/Src/printf.c:1413:5:fctprintf	24	static
