../Drivers/STM32L4xx_HAL_Driver/Inc/stm32l4xx_ll_usart.h:3113:26:LL_USART_IsActiveFlag_IDLE	16	static
../Drivers/STM32L4xx_HAL_Driver/Inc/stm32l4xx_ll_usart.h:3492:22:LL_USART_ClearFlag_IDLE	16	static
../Drivers/STM32L4xx_HAL_Driver/Inc/stm32l4xx_ll_usart.h:4150:26:LL_USART_IsEnabledIT_IDLE	16	static
../Core/Src/stm32l4xx_it.c:77:6:NMI_Handler	4	static
../Core/Src/stm32l4xx_it.c:92:6:HardFault_Handler	4	static
../Core/Src/stm32l4xx_it.c:107:6:MemManage_Handler	4	static
../Core/Src/stm32l4xx_it.c:122:6:BusFault_Handler	4	static
../Core/Src/stm32l4xx_it.c:137:6:UsageFault_Handler	4	static
../Core/Src/stm32l4xx_it.c:152:6:DebugMon_Handler	4	static
../Core/Src/stm32l4xx_it.c:172:6:DMA1_Channel2_IRQHandler	8	static
../Core/Src/stm32l4xx_it.c:186:6:DMA1_Channel5_IRQHandler	8	static
../Core/Src/stm32l4xx_it.c:200:6:TIM1_UP_TIM16_IRQHandler	8	static
../Core/Src/stm32l4xx_it.c:215:6:TIM1_CC_IRQHandler	8	static
../Core/Src/stm32l4xx_it.c:229:6:USART1_IRQHandler	24	static,ignoring_inline_asm
../Core/Src/stm32l4xx_it.c:250:6:USART2_IRQHandler	8	static
